Optimizing Linkage Editor (V.10.02.00.000)        21-Apr-2016 09:53:46

*** Options ***

-subcommand=E:\20160421框架内外框电机和上位机调试程序\62T内框\HIT_U_phase_VER\Debug\HIT_U_phase_VER.hlk
-noprelink
-rom=D=R,D_1=R_1,D_2=R_2
-nomessage
-list="E:\20160421框架内外框电机和上位机调试程序\62T内框\HIT_U_phase_VER\Debug\HIT_U_phase_VER.map"
-nooptimize
-start=B_1,R_1,B_2,R_2,B,R,SU,SI/01000,PResetPRG/0FFFC8000,C_1,C_2,C,C$*,D_1,D_2,D,P,PIntPRG,W*,L/0FFFC8100,FIXEDVECT/0FFFFFFD0
-nologo
-input="E:\20160421框架内外框电机和上位机调试程序\62T内框\HIT_U_phase_VER\Debug\dbsct.obj"
-input="E:\20160421框架内外框电机和上位机调试程序\62T内框\HIT_U_phase_VER\Debug\HIT_2hundredto3hundredms.obj"
-input="E:\20160421框架内外框电机和上位机调试程序\62T内框\HIT_U_phase_VER\Debug\HIT_alarmnew.obj"
-input="E:\20160421框架内外框电机和上位机调试程序\62T内框\HIT_U_phase_VER\Debug\HIT_check_table.obj"
-input="E:\20160421框架内外框电机和上位机调试程序\62T内框\HIT_U_phase_VER\Debug\HIT_cmt0intfunc.obj"
-input="E:\20160421框架内外框电机和上位机调试程序\62T内框\HIT_U_phase_VER\Debug\HIT_cmt1intfunc.obj"
-input="E:\20160421框架内外框电机和上位机调试程序\62T内框\HIT_U_phase_VER\Debug\HIT_controlsystem_servoon.obj"
-input="E:\20160421框架内外框电机和上位机调试程序\62T内框\HIT_U_phase_VER\Debug\HIT_current_pi.obj"
-input="E:\20160421框架内外框电机和上位机调试程序\62T内框\HIT_U_phase_VER\Debug\HIT_DA_out_fuc.obj"
-input="E:\20160421框架内外框电机和上位机调试程序\62T内框\HIT_U_phase_VER\Debug\HIT_DA_trans_fuc.obj"
-input="E:\20160421框架内外框电机和上位机调试程序\62T内框\HIT_U_phase_VER\Debug\HIT_fluxweakingcontrol.obj"
-input="E:\20160421框架内外框电机和上位机调试程序\62T内框\HIT_U_phase_VER\Debug\HIT_Fn_read_ee_addr_fnc.obj"
-input="E:\20160421框架内外框电机和上位机调试程序\62T内框\HIT_U_phase_VER\Debug\HIT_get_sci_buf_data.obj"
-input="E:\20160421框架内外框电机和上位机调试程序\62T内框\HIT_U_phase_VER\Debug\HIT_gpt0cmvintfunc.obj"
-input="E:\20160421框架内外框电机和上位机调试程序\62T内框\HIT_U_phase_VER\Debug\HIT_hardwaresetup.obj"
-input="E:\20160421框架内外框电机和上位机调试程序\62T内框\HIT_U_phase_VER\Debug\HIT_iocontrol.obj"
-input="E:\20160421框架内外框电机和上位机调试程序\62T内框\HIT_U_phase_VER\Debug\HIT_make_angle.obj"
-input="E:\20160421框架内外框电机和上位机调试程序\62T内框\HIT_U_phase_VER\Debug\HIT_mechanicalpi.obj"
-input="E:\20160421框架内外框电机和上位机调试程序\62T内框\HIT_U_phase_VER\Debug\HIT_mode_10_bd.obj"
-input="E:\20160421框架内外框电机和上位机调试程序\62T内框\HIT_U_phase_VER\Debug\HIT_OBC_intail_par_obser.obj"
-input="E:\20160421框架内外框电机和上位机调试程序\62T内框\HIT_U_phase_VER\Debug\HIT_OBC_intial_cal.obj"
-input="E:\20160421框架内外框电机和上位机调试程序\62T内框\HIT_U_phase_VER\Debug\HIT_OBC_intial_par.obj"
-input="E:\20160421框架内外框电机和上位机调试程序\62T内框\HIT_U_phase_VER\Debug\HIT_OBC_state.obj"
-input="E:\20160421框架内外框电机和上位机调试程序\62T内框\HIT_U_phase_VER\Debug\HIT_OBW_state.obj"
-input="E:\20160421框架内外框电机和上位机调试程序\62T内框\HIT_U_phase_VER\Debug\HIT_par_initial.obj"
-input="E:\20160421框架内外框电机和上位机调试程序\62T内框\HIT_U_phase_VER\Debug\HIT_par_write_to_ee.obj"
-input="E:\20160421框架内外框电机和上位机调试程序\62T内框\HIT_U_phase_VER\Debug\HIT_positioncontrol.obj"
-input="E:\20160421框架内外框电机和上位机调试程序\62T内框\HIT_U_phase_VER\Debug\HIT_read_sci_address.obj"
-input="E:\20160421框架内外框电机和上位机调试程序\62T内框\HIT_U_phase_VER\Debug\HIT_read_servo_state.obj"
-input="E:\20160421框架内外框电机和上位机调试程序\62T内框\HIT_U_phase_VER\Debug\HIT_ref_lpf_cal_gain.obj"
-input="E:\20160421框架内外框电机和上位机调试程序\62T内框\HIT_U_phase_VER\Debug\HIT_ref_lpf_fuc.obj"
-input="E:\20160421框架内外框电机和上位机调试程序\62T内框\HIT_U_phase_VER\Debug\HIT_ref_lpf_iref.obj"
-input="E:\20160421框架内外框电机和上位机调试程序\62T内框\HIT_U_phase_VER\Debug\HIT_ref_lpf_pref.obj"
-input="E:\20160421框架内外框电机和上位机调试程序\62T内框\HIT_U_phase_VER\Debug\HIT_send_ee_data.obj"
-input="E:\20160421框架内外框电机和上位机调试程序\62T内框\HIT_U_phase_VER\Debug\HIT_servo_on_first.obj"
-input="E:\20160421框架内外框电机和上位机调试程序\62T内框\HIT_U_phase_VER\Debug\HIT_servofirst.obj"
-input="E:\20160421框架内外框电机和上位机调试程序\62T内框\HIT_U_phase_VER\Debug\HIT_servoon.obj"
-input="E:\20160421框架内外框电机和上位机调试程序\62T内框\HIT_U_phase_VER\Debug\HIT_shouchaoqi.obj"
-input="E:\20160421框架内外框电机和上位机调试程序\62T内框\HIT_U_phase_VER\Debug\HIT_shouchaoqi_con_servon.obj"
-input="E:\20160421框架内外框电机和上位机调试程序\62T内框\HIT_U_phase_VER\Debug\HIT_U_phase_VER.obj"
-input="E:\20160421框架内外框电机和上位机调试程序\62T内框\HIT_U_phase_VER\Debug\HIT_vectorcontrol.obj"
-input="E:\20160421框架内外框电机和上位机调试程序\62T内框\HIT_U_phase_VER\Debug\HIT_virtualphotoeletric.obj"
-input="E:\20160421框架内外框电机和上位机调试程序\62T内框\HIT_U_phase_VER\Debug\HIT_write_ee_addr.obj"
-input="E:\20160421框架内外框电机和上位机调试程序\62T内框\HIT_U_phase_VER\Debug\HIT_write_U_angle_to_EE.obj"
-input="E:\20160421框架内外框电机和上位机调试程序\62T内框\HIT_U_phase_VER\Debug\HIT_zeroto2hundredms.obj"
-input="E:\20160421框架内外框电机和上位机调试程序\62T内框\HIT_U_phase_VER\Debug\Interrupt_CMT.obj"
-input="E:\20160421框架内外框电机和上位机调试程序\62T内框\HIT_U_phase_VER\Debug\Interrupt_GPT.obj"
-input="E:\20160421框架内外框电机和上位机调试程序\62T内框\HIT_U_phase_VER\Debug\Interrupt_INTC.obj"
-input="E:\20160421框架内外框电机和上位机调试程序\62T内框\HIT_U_phase_VER\Debug\Interrupt_SCI.obj"
-input="E:\20160421框架内外框电机和上位机调试程序\62T内框\HIT_U_phase_VER\Debug\R_PG_Clock.obj"
-input="E:\20160421框架内外框电机和上位机调试程序\62T内框\HIT_U_phase_VER\Debug\R_PG_I2C_C0.obj"
-input="E:\20160421框架内外框电机和上位机调试程序\62T内框\HIT_U_phase_VER\Debug\R_PG_SCI_C2.obj"
-input="E:\20160421框架内外框电机和上位机调试程序\62T内框\HIT_U_phase_VER\Debug\R_PG_Timer_CMT_U0.obj"
-input="E:\20160421框架内外框电机和上位机调试程序\62T内框\HIT_U_phase_VER\Debug\R_PG_Timer_CMT_U1.obj"
-input="E:\20160421框架内外框电机和上位机调试程序\62T内框\HIT_U_phase_VER\Debug\R_PG_Timer_GPT_U0.obj"
-input="E:\20160421框架内外框电机和上位机调试程序\62T内框\HIT_U_phase_VER\Debug\R_PG_Timer_GPT_U0_C0.obj"
-input="E:\20160421框架内外框电机和上位机调试程序\62T内框\HIT_U_phase_VER\Debug\R_PG_Timer_GPT_U0_C1.obj"
-input="E:\20160421框架内外框电机和上位机调试程序\62T内框\HIT_U_phase_VER\Debug\R_PG_Timer_GPT_U0_C2.obj"
-input="E:\20160421框架内外框电机和上位机调试程序\62T内框\HIT_U_phase_VER\Debug\resetprg.obj"
-input="E:\20160421框架内外框电机和上位机调试程序\62T内框\HIT_U_phase_VER\Debug\sbrk.obj"
-library="C:\Renesas\PDG2\lib\RX62T\RX62T_library_LQFP_64.lib"
-library="D:\Renesas\PDG2\lib\RX62T\RX62T_library_LQFP_64.lib"
-library="E:\20160421框架内外框电机和上位机调试程序\62T内框\HIT_U_phase_VER\Debug\HIT_U_phase_VER.lib"
-output="E:\20160421框架内外框电机和上位机调试程序\62T内框\HIT_U_phase_VER\Debug\HIT_U_phase_VER.abs"
-end

*** Error information ***

** L1320 (W) Duplicate symbol "_rpdl_ADC_12_div_value" in "C:\Renesas\PDG2\lib\RX62T\RX62T_library_LQFP_64.lib(globals_ADC_12)"
** L1320 (W) Duplicate symbol "_rpdl_ADC_12_div_value" in "D:\Renesas\PDG2\lib\RX62T\RX62T_library_LQFP_64.lib(globals_ADC_12)"
** L1320 (W) Duplicate symbol "_rpdl_ADC_12_callback_func" in "C:\Renesas\PDG2\lib\RX62T\RX62T_library_LQFP_64.lib(globals_ADC_12)"
** L1320 (W) Duplicate symbol "_rpdl_ADC_12_callback_func" in "D:\Renesas\PDG2\lib\RX62T\RX62T_library_LQFP_64.lib(globals_ADC_12)"
** L1320 (W) Duplicate symbol "_rpdl_ADC_12_cmp_callback_func" in "C:\Renesas\PDG2\lib\RX62T\RX62T_library_LQFP_64.lib(globals_ADC_12)"
** L1320 (W) Duplicate symbol "_rpdl_ADC_12_cmp_callback_func" in "D:\Renesas\PDG2\lib\RX62T\RX62T_library_LQFP_64.lib(globals_ADC_12)"
** L1320 (W) Duplicate symbol "_pdl_adc_12_status" in "C:\Renesas\PDG2\lib\RX62T\RX62T_library_LQFP_64.lib(globals_ADC_12)"
** L1320 (W) Duplicate symbol "_pdl_adc_12_status" in "D:\Renesas\PDG2\lib\RX62T\RX62T_library_LQFP_64.lib(globals_ADC_12)"
** L1320 (W) Duplicate symbol "_rpdl_adcsr_store" in "C:\Renesas\PDG2\lib\RX62T\RX62T_library_LQFP_64.lib(globals_ADC_12)"
** L1320 (W) Duplicate symbol "_rpdl_adcsr_store" in "D:\Renesas\PDG2\lib\RX62T\RX62T_library_LQFP_64.lib(globals_ADC_12)"
** L1320 (W) Duplicate symbol "_rpdl_BSC_callback_func" in "C:\Renesas\PDG2\lib\RX62T\RX62T_library_LQFP_64.lib(globals_BSC)"
** L1320 (W) Duplicate symbol "_rpdl_BSC_callback_func" in "D:\Renesas\PDG2\lib\RX62T\RX62T_library_LQFP_64.lib(globals_BSC)"
** L1320 (W) Duplicate symbol "_rpdl_CGC_xCLK_mul_value" in "C:\Renesas\PDG2\lib\RX62T\RX62T_library_LQFP_64.lib(globals_CGC)"
** L1320 (W) Duplicate symbol "_rpdl_CGC_xCLK_mul_value" in "D:\Renesas\PDG2\lib\RX62T\RX62T_library_LQFP_64.lib(globals_CGC)"
** L1320 (W) Duplicate symbol "_rpdl_CGC_f_pclk" in "C:\Renesas\PDG2\lib\RX62T\RX62T_library_LQFP_64.lib(globals_CGC)"
** L1320 (W) Duplicate symbol "_rpdl_CGC_f_pclk" in "D:\Renesas\PDG2\lib\RX62T\RX62T_library_LQFP_64.lib(globals_CGC)"
** L1320 (W) Duplicate symbol "_rpdl_CGC_f_iclk" in "C:\Renesas\PDG2\lib\RX62T\RX62T_library_LQFP_64.lib(globals_CGC)"
** L1320 (W) Duplicate symbol "_rpdl_CGC_f_iclk" in "D:\Renesas\PDG2\lib\RX62T\RX62T_library_LQFP_64.lib(globals_CGC)"
** L1320 (W) Duplicate symbol "_rpdl_CMT_div_value" in "C:\Renesas\PDG2\lib\RX62T\RX62T_library_LQFP_64.lib(globals_CMT)"
** L1320 (W) Duplicate symbol "_rpdl_CMT_div_value" in "D:\Renesas\PDG2\lib\RX62T\RX62T_library_LQFP_64.lib(globals_CMT)"
** L1320 (W) Duplicate symbol "_rpdl_CMT_callback_func" in "C:\Renesas\PDG2\lib\RX62T\RX62T_library_LQFP_64.lib(globals_CMT)"
** L1320 (W) Duplicate symbol "_rpdl_CMT_callback_func" in "D:\Renesas\PDG2\lib\RX62T\RX62T_library_LQFP_64.lib(globals_CMT)"
** L1320 (W) Duplicate symbol "_rpdl_CMT_one_shot" in "C:\Renesas\PDG2\lib\RX62T\RX62T_library_LQFP_64.lib(globals_CMT)"
** L1320 (W) Duplicate symbol "_rpdl_CMT_one_shot" in "D:\Renesas\PDG2\lib\RX62T\RX62T_library_LQFP_64.lib(globals_CMT)"
** L1320 (W) Duplicate symbol "_rpdl_GPT_GTCIA_callback_func" in "C:\Renesas\PDG2\lib\RX62T\RX62T_library_LQFP_64.lib(globals_GPT)"
** L1320 (W) Duplicate symbol "_rpdl_GPT_GTCIA_callback_func" in "D:\Renesas\PDG2\lib\RX62T\RX62T_library_LQFP_64.lib(globals_GPT)"
** L1320 (W) Duplicate symbol "_rpdl_GPT_GTCIB_callback_func" in "C:\Renesas\PDG2\lib\RX62T\RX62T_library_LQFP_64.lib(globals_GPT)"
** L1320 (W) Duplicate symbol "_rpdl_GPT_GTCIB_callback_func" in "D:\Renesas\PDG2\lib\RX62T\RX62T_library_LQFP_64.lib(globals_GPT)"
** L1320 (W) Duplicate symbol "_rpdl_GPT_GTCIC_callback_func" in "C:\Renesas\PDG2\lib\RX62T\RX62T_library_LQFP_64.lib(globals_GPT)"
** L1320 (W) Duplicate symbol "_rpdl_GPT_GTCIC_callback_func" in "D:\Renesas\PDG2\lib\RX62T\RX62T_library_LQFP_64.lib(globals_GPT)"
** L1320 (W) Duplicate symbol "_rpdl_GPT_GTCIE_callback_func" in "C:\Renesas\PDG2\lib\RX62T\RX62T_library_LQFP_64.lib(globals_GPT)"
** L1320 (W) Duplicate symbol "_rpdl_GPT_GTCIE_callback_func" in "D:\Renesas\PDG2\lib\RX62T\RX62T_library_LQFP_64.lib(globals_GPT)"
** L1320 (W) Duplicate symbol "_rpdl_GPT_GTCIV_callback_func" in "C:\Renesas\PDG2\lib\RX62T\RX62T_library_LQFP_64.lib(globals_GPT)"
** L1320 (W) Duplicate symbol "_rpdl_GPT_GTCIV_callback_func" in "D:\Renesas\PDG2\lib\RX62T\RX62T_library_LQFP_64.lib(globals_GPT)"
** L1320 (W) Duplicate symbol "_rpdl_GPT_LOCO_callback_func" in "C:\Renesas\PDG2\lib\RX62T\RX62T_library_LQFP_64.lib(globals_GPT)"
** L1320 (W) Duplicate symbol "_rpdl_GPT_LOCO_callback_func" in "D:\Renesas\PDG2\lib\RX62T\RX62T_library_LQFP_64.lib(globals_GPT)"
** L1320 (W) Duplicate symbol "_rpdl_IIC_div_value" in "C:\Renesas\PDG2\lib\RX62T\RX62T_library_LQFP_64.lib(globals_IIC)"
** L1320 (W) Duplicate symbol "_rpdl_IIC_div_value" in "D:\Renesas\PDG2\lib\RX62T\RX62T_library_LQFP_64.lib(globals_IIC)"
** L1320 (W) Duplicate symbol "_rpdl_IIC_tx_data_pointer" in "C:\Renesas\PDG2\lib\RX62T\RX62T_library_LQFP_64.lib(globals_IIC)"
** L1320 (W) Duplicate symbol "_rpdl_IIC_tx_data_pointer" in "D:\Renesas\PDG2\lib\RX62T\RX62T_library_LQFP_64.lib(globals_IIC)"
** L1320 (W) Duplicate symbol "_rpdl_IIC_tx_data_start" in "C:\Renesas\PDG2\lib\RX62T\RX62T_library_LQFP_64.lib(globals_IIC)"
** L1320 (W) Duplicate symbol "_rpdl_IIC_tx_data_start" in "D:\Renesas\PDG2\lib\RX62T\RX62T_library_LQFP_64.lib(globals_IIC)"
** L1320 (W) Duplicate symbol "_rpdl_IIC_rx_data_pointer" in "C:\Renesas\PDG2\lib\RX62T\RX62T_library_LQFP_64.lib(globals_IIC)"
** L1320 (W) Duplicate symbol "_rpdl_IIC_rx_data_pointer" in "D:\Renesas\PDG2\lib\RX62T\RX62T_library_LQFP_64.lib(globals_IIC)"
** L1320 (W) Duplicate symbol "_rpdl_IIC_rx_data_start" in "C:\Renesas\PDG2\lib\RX62T\RX62T_library_LQFP_64.lib(globals_IIC)"
** L1320 (W) Duplicate symbol "_rpdl_IIC_rx_data_start" in "D:\Renesas\PDG2\lib\RX62T\RX62T_library_LQFP_64.lib(globals_IIC)"
** L1320 (W) Duplicate symbol "_rpdl_IIC_callback_func" in "C:\Renesas\PDG2\lib\RX62T\RX62T_library_LQFP_64.lib(globals_IIC)"
** L1320 (W) Duplicate symbol "_rpdl_IIC_callback_func" in "D:\Renesas\PDG2\lib\RX62T\RX62T_library_LQFP_64.lib(globals_IIC)"
** L1320 (W) Duplicate symbol "_rpdl_IIC_rx_counter" in "C:\Renesas\PDG2\lib\RX62T\RX62T_library_LQFP_64.lib(globals_IIC)"
** L1320 (W) Duplicate symbol "_rpdl_IIC_rx_counter" in "D:\Renesas\PDG2\lib\RX62T\RX62T_library_LQFP_64.lib(globals_IIC)"
** L1320 (W) Duplicate symbol "_rpdl_IIC_tx_counter" in "C:\Renesas\PDG2\lib\RX62T\RX62T_library_LQFP_64.lib(globals_IIC)"
** L1320 (W) Duplicate symbol "_rpdl_IIC_tx_counter" in "D:\Renesas\PDG2\lib\RX62T\RX62T_library_LQFP_64.lib(globals_IIC)"
** L1320 (W) Duplicate symbol "_rpdl_IIC_rx_threshold" in "C:\Renesas\PDG2\lib\RX62T\RX62T_library_LQFP_64.lib(globals_IIC)"
** L1320 (W) Duplicate symbol "_rpdl_IIC_rx_threshold" in "D:\Renesas\PDG2\lib\RX62T\RX62T_library_LQFP_64.lib(globals_IIC)"
** L1320 (W) Duplicate symbol "_rpdl_IIC_tx_threshold" in "C:\Renesas\PDG2\lib\RX62T\RX62T_library_LQFP_64.lib(globals_IIC)"
** L1320 (W) Duplicate symbol "_rpdl_IIC_tx_threshold" in "D:\Renesas\PDG2\lib\RX62T\RX62T_library_LQFP_64.lib(globals_IIC)"
** L1320 (W) Duplicate symbol "_rpdl_IIC_stop" in "C:\Renesas\PDG2\lib\RX62T\RX62T_library_LQFP_64.lib(globals_IIC)"
** L1320 (W) Duplicate symbol "_rpdl_IIC_stop" in "D:\Renesas\PDG2\lib\RX62T\RX62T_library_LQFP_64.lib(globals_IIC)"
** L1320 (W) Duplicate symbol "_rpdl_IIC_current_state" in "C:\Renesas\PDG2\lib\RX62T\RX62T_library_LQFP_64.lib(globals_IIC)"
** L1320 (W) Duplicate symbol "_rpdl_IIC_current_state" in "D:\Renesas\PDG2\lib\RX62T\RX62T_library_LQFP_64.lib(globals_IIC)"
** L1320 (W) Duplicate symbol "_rpdl_IIC_next_state" in "C:\Renesas\PDG2\lib\RX62T\RX62T_library_LQFP_64.lib(globals_IIC)"
** L1320 (W) Duplicate symbol "_rpdl_IIC_next_state" in "D:\Renesas\PDG2\lib\RX62T\RX62T_library_LQFP_64.lib(globals_IIC)"
** L1320 (W) Duplicate symbol "_rpdl_IIC_slave_address_lower" in "C:\Renesas\PDG2\lib\RX62T\RX62T_library_LQFP_64.lib(globals_IIC)"
** L1320 (W) Duplicate symbol "_rpdl_IIC_slave_address_lower" in "D:\Renesas\PDG2\lib\RX62T\RX62T_library_LQFP_64.lib(globals_IIC)"
** L1320 (W) Duplicate symbol "_rpdl_IIC_slave_address_upper" in "C:\Renesas\PDG2\lib\RX62T\RX62T_library_LQFP_64.lib(globals_IIC)"
** L1320 (W) Duplicate symbol "_rpdl_IIC_slave_address_upper" in "D:\Renesas\PDG2\lib\RX62T\RX62T_library_LQFP_64.lib(globals_IIC)"
** L1320 (W) Duplicate symbol "_rpdl_IIC_detected_address" in "C:\Renesas\PDG2\lib\RX62T\RX62T_library_LQFP_64.lib(globals_IIC)"
** L1320 (W) Duplicate symbol "_rpdl_IIC_detected_address" in "D:\Renesas\PDG2\lib\RX62T\RX62T_library_LQFP_64.lib(globals_IIC)"
** L1320 (W) Duplicate symbol "_rpdl_IIC_rx_transfer_method" in "C:\Renesas\PDG2\lib\RX62T\RX62T_library_LQFP_64.lib(globals_IIC)"
** L1320 (W) Duplicate symbol "_rpdl_IIC_rx_transfer_method" in "D:\Renesas\PDG2\lib\RX62T\RX62T_library_LQFP_64.lib(globals_IIC)"
** L1320 (W) Duplicate symbol "_rpdl_INTC_callback_func" in "C:\Renesas\PDG2\lib\RX62T\RX62T_library_LQFP_64.lib(globals_INTC)"
** L1320 (W) Duplicate symbol "_rpdl_INTC_callback_func" in "D:\Renesas\PDG2\lib\RX62T\RX62T_library_LQFP_64.lib(globals_INTC)"
** L1320 (W) Duplicate symbol "_rpdl_INTC_saved_isp" in "C:\Renesas\PDG2\lib\RX62T\RX62T_library_LQFP_64.lib(globals_INTC)"
** L1320 (W) Duplicate symbol "_rpdl_INTC_saved_isp" in "D:\Renesas\PDG2\lib\RX62T\RX62T_library_LQFP_64.lib(globals_INTC)"
** L1320 (W) Duplicate symbol "_rpdl_INTC_brk_command" in "C:\Renesas\PDG2\lib\RX62T\RX62T_library_LQFP_64.lib(globals_INTC)"
** L1320 (W) Duplicate symbol "_rpdl_INTC_brk_command" in "D:\Renesas\PDG2\lib\RX62T\RX62T_library_LQFP_64.lib(globals_INTC)"
** L1320 (W) Duplicate symbol "_rpdl_INTC_brk_data8" in "C:\Renesas\PDG2\lib\RX62T\RX62T_library_LQFP_64.lib(globals_INTC)"
** L1320 (W) Duplicate symbol "_rpdl_INTC_brk_data8" in "D:\Renesas\PDG2\lib\RX62T\RX62T_library_LQFP_64.lib(globals_INTC)"
** L1320 (W) Duplicate symbol "_rpdl_LIN_div_value" in "C:\Renesas\PDG2\lib\RX62T\RX62T_library_LQFP_64.lib(globals_LIN)"
** L1320 (W) Duplicate symbol "_rpdl_LIN_div_value" in "D:\Renesas\PDG2\lib\RX62T\RX62T_library_LQFP_64.lib(globals_LIN)"
** L1320 (W) Duplicate symbol "_rpdl_LIN_callback_func" in "C:\Renesas\PDG2\lib\RX62T\RX62T_library_LQFP_64.lib(globals_LIN)"
** L1320 (W) Duplicate symbol "_rpdl_LIN_callback_func" in "D:\Renesas\PDG2\lib\RX62T\RX62T_library_LQFP_64.lib(globals_LIN)"
** L1320 (W) Duplicate symbol "_rpdl_MTU3_func1_callback_func" in "C:\Renesas\PDG2\lib\RX62T\RX62T_library_LQFP_64.lib(globals_MTU3)"
** L1320 (W) Duplicate symbol "_rpdl_MTU3_func1_callback_func" in "D:\Renesas\PDG2\lib\RX62T\RX62T_library_LQFP_64.lib(globals_MTU3)"
** L1320 (W) Duplicate symbol "_rpdl_MTU3_func2_callback_func" in "C:\Renesas\PDG2\lib\RX62T\RX62T_library_LQFP_64.lib(globals_MTU3)"
** L1320 (W) Duplicate symbol "_rpdl_MTU3_func2_callback_func" in "D:\Renesas\PDG2\lib\RX62T\RX62T_library_LQFP_64.lib(globals_MTU3)"
** L1320 (W) Duplicate symbol "_rpdl_MTU3_func3_callback_func" in "C:\Renesas\PDG2\lib\RX62T\RX62T_library_LQFP_64.lib(globals_MTU3)"
** L1320 (W) Duplicate symbol "_rpdl_MTU3_func3_callback_func" in "D:\Renesas\PDG2\lib\RX62T\RX62T_library_LQFP_64.lib(globals_MTU3)"
** L1320 (W) Duplicate symbol "_rpdl_MTU3_func4_callback_func" in "C:\Renesas\PDG2\lib\RX62T\RX62T_library_LQFP_64.lib(globals_MTU3)"
** L1320 (W) Duplicate symbol "_rpdl_MTU3_func4_callback_func" in "D:\Renesas\PDG2\lib\RX62T\RX62T_library_LQFP_64.lib(globals_MTU3)"
** L1320 (W) Duplicate symbol "_rpdl_MTU3_TGRE_callback_func" in "C:\Renesas\PDG2\lib\RX62T\RX62T_library_LQFP_64.lib(globals_MTU3)"
** L1320 (W) Duplicate symbol "_rpdl_MTU3_TGRE_callback_func" in "D:\Renesas\PDG2\lib\RX62T\RX62T_library_LQFP_64.lib(globals_MTU3)"
** L1320 (W) Duplicate symbol "_rpdl_MTU3_TGRF_callback_func" in "C:\Renesas\PDG2\lib\RX62T\RX62T_library_LQFP_64.lib(globals_MTU3)"
** L1320 (W) Duplicate symbol "_rpdl_MTU3_TGRF_callback_func" in "D:\Renesas\PDG2\lib\RX62T\RX62T_library_LQFP_64.lib(globals_MTU3)"
** L1320 (W) Duplicate symbol "_rpdl_MTU3_Overflow_callback_func" in "C:\Renesas\PDG2\lib\RX62T\RX62T_library_LQFP_64.lib(globals_MTU3)"
** L1320 (W) Duplicate symbol "_rpdl_MTU3_Overflow_callback_func" in "D:\Renesas\PDG2\lib\RX62T\RX62T_library_LQFP_64.lib(globals_MTU3)"
** L1320 (W) Duplicate symbol "_rpdl_MTU3_Underflow_callback_func" in "C:\Renesas\PDG2\lib\RX62T\RX62T_library_LQFP_64.lib(globals_MTU3)"
** L1320 (W) Duplicate symbol "_rpdl_MTU3_Underflow_callback_func" in "D:\Renesas\PDG2\lib\RX62T\RX62T_library_LQFP_64.lib(globals_MTU3)"
** L1320 (W) Duplicate symbol "_rpdl_MTU3_tmdr1_copy" in "C:\Renesas\PDG2\lib\RX62T\RX62T_library_LQFP_64.lib(globals_MTU3)"
** L1320 (W) Duplicate symbol "_rpdl_MTU3_tmdr1_copy" in "D:\Renesas\PDG2\lib\RX62T\RX62T_library_LQFP_64.lib(globals_MTU3)"
** L1320 (W) Duplicate symbol "_rpdl_MTU3_tmdr2_copy" in "C:\Renesas\PDG2\lib\RX62T\RX62T_library_LQFP_64.lib(globals_MTU3)"
** L1320 (W) Duplicate symbol "_rpdl_MTU3_tmdr2_copy" in "D:\Renesas\PDG2\lib\RX62T\RX62T_library_LQFP_64.lib(globals_MTU3)"
** L1320 (W) Duplicate symbol "_rpdl_MTU3_toer_copy" in "C:\Renesas\PDG2\lib\RX62T\RX62T_library_LQFP_64.lib(globals_MTU3)"
** L1320 (W) Duplicate symbol "_rpdl_MTU3_toer_copy" in "D:\Renesas\PDG2\lib\RX62T\RX62T_library_LQFP_64.lib(globals_MTU3)"
** L1320 (W) Duplicate symbol "_rpdl_MTU3_tiorh_copy" in "C:\Renesas\PDG2\lib\RX62T\RX62T_library_LQFP_64.lib(globals_MTU3)"
** L1320 (W) Duplicate symbol "_rpdl_MTU3_tiorh_copy" in "D:\Renesas\PDG2\lib\RX62T\RX62T_library_LQFP_64.lib(globals_MTU3)"
** L1320 (W) Duplicate symbol "_rpdl_MTU3_tiorl_copy" in "C:\Renesas\PDG2\lib\RX62T\RX62T_library_LQFP_64.lib(globals_MTU3)"
** L1320 (W) Duplicate symbol "_rpdl_MTU3_tiorl_copy" in "D:\Renesas\PDG2\lib\RX62T\RX62T_library_LQFP_64.lib(globals_MTU3)"
** L1320 (W) Duplicate symbol "_rpdl_POE_callback_func" in "C:\Renesas\PDG2\lib\RX62T\RX62T_library_LQFP_64.lib(globals_POE)"
** L1320 (W) Duplicate symbol "_rpdl_POE_callback_func" in "D:\Renesas\PDG2\lib\RX62T\RX62T_library_LQFP_64.lib(globals_POE)"
** L1320 (W) Duplicate symbol "_rpdl_SCI_div_value" in "C:\Renesas\PDG2\lib\RX62T\RX62T_library_LQFP_64.lib(globals_SCI)"
** L1320 (W) Duplicate symbol "_rpdl_SCI_div_value" in "D:\Renesas\PDG2\lib\RX62T\RX62T_library_LQFP_64.lib(globals_SCI)"
** L1320 (W) Duplicate symbol "_rpdl_SCI_tx_string_pointer" in "C:\Renesas\PDG2\lib\RX62T\RX62T_library_LQFP_64.lib(globals_SCI)"
** L1320 (W) Duplicate symbol "_rpdl_SCI_tx_string_pointer" in "D:\Renesas\PDG2\lib\RX62T\RX62T_library_LQFP_64.lib(globals_SCI)"
** L1320 (W) Duplicate symbol "_rpdl_SCI_rx_string_pointer" in "C:\Renesas\PDG2\lib\RX62T\RX62T_library_LQFP_64.lib(globals_SCI)"
** L1320 (W) Duplicate symbol "_rpdl_SCI_rx_string_pointer" in "D:\Renesas\PDG2\lib\RX62T\RX62T_library_LQFP_64.lib(globals_SCI)"
** L1320 (W) Duplicate symbol "_rpdl_SCI_rx_string_start" in "C:\Renesas\PDG2\lib\RX62T\RX62T_library_LQFP_64.lib(globals_SCI)"
** L1320 (W) Duplicate symbol "_rpdl_SCI_rx_string_start" in "D:\Renesas\PDG2\lib\RX62T\RX62T_library_LQFP_64.lib(globals_SCI)"
** L1320 (W) Duplicate symbol "_rpdl_SCI_TX_End_callback_func" in "C:\Renesas\PDG2\lib\RX62T\RX62T_library_LQFP_64.lib(globals_SCI)"
** L1320 (W) Duplicate symbol "_rpdl_SCI_TX_End_callback_func" in "D:\Renesas\PDG2\lib\RX62T\RX62T_library_LQFP_64.lib(globals_SCI)"
** L1320 (W) Duplicate symbol "_rpdl_SCI_RX_End_callback_func" in "C:\Renesas\PDG2\lib\RX62T\RX62T_library_LQFP_64.lib(globals_SCI)"
** L1320 (W) Duplicate symbol "_rpdl_SCI_RX_End_callback_func" in "D:\Renesas\PDG2\lib\RX62T\RX62T_library_LQFP_64.lib(globals_SCI)"
** L1320 (W) Duplicate symbol "_rpdl_SCI_RX_Error_callback_func" in "C:\Renesas\PDG2\lib\RX62T\RX62T_library_LQFP_64.lib(globals_SCI)"
** L1320 (W) Duplicate symbol "_rpdl_SCI_RX_Error_callback_func" in "D:\Renesas\PDG2\lib\RX62T\RX62T_library_LQFP_64.lib(globals_SCI)"
** L1320 (W) Duplicate symbol "_rpdl_SCI_rx_counter" in "C:\Renesas\PDG2\lib\RX62T\RX62T_library_LQFP_64.lib(globals_SCI)"
** L1320 (W) Duplicate symbol "_rpdl_SCI_rx_counter" in "D:\Renesas\PDG2\lib\RX62T\RX62T_library_LQFP_64.lib(globals_SCI)"
** L1320 (W) Duplicate symbol "_rpdl_SCI_tx_counter" in "C:\Renesas\PDG2\lib\RX62T\RX62T_library_LQFP_64.lib(globals_SCI)"
** L1320 (W) Duplicate symbol "_rpdl_SCI_tx_counter" in "D:\Renesas\PDG2\lib\RX62T\RX62T_library_LQFP_64.lib(globals_SCI)"
** L1320 (W) Duplicate symbol "_rpdl_SCI_rx_threshold" in "C:\Renesas\PDG2\lib\RX62T\RX62T_library_LQFP_64.lib(globals_SCI)"
** L1320 (W) Duplicate symbol "_rpdl_SCI_rx_threshold" in "D:\Renesas\PDG2\lib\RX62T\RX62T_library_LQFP_64.lib(globals_SCI)"
** L1320 (W) Duplicate symbol "_rpdl_SCI_tx_threshold" in "C:\Renesas\PDG2\lib\RX62T\RX62T_library_LQFP_64.lib(globals_SCI)"
** L1320 (W) Duplicate symbol "_rpdl_SCI_tx_threshold" in "D:\Renesas\PDG2\lib\RX62T\RX62T_library_LQFP_64.lib(globals_SCI)"
** L1320 (W) Duplicate symbol "_rpdl_SCI_tx_using_irq" in "C:\Renesas\PDG2\lib\RX62T\RX62T_library_LQFP_64.lib(globals_SCI)"
** L1320 (W) Duplicate symbol "_rpdl_SCI_tx_using_irq" in "D:\Renesas\PDG2\lib\RX62T\RX62T_library_LQFP_64.lib(globals_SCI)"
** L1320 (W) Duplicate symbol "_rpdl_SCI_rx_using_irq" in "C:\Renesas\PDG2\lib\RX62T\RX62T_library_LQFP_64.lib(globals_SCI)"
** L1320 (W) Duplicate symbol "_rpdl_SCI_rx_using_irq" in "D:\Renesas\PDG2\lib\RX62T\RX62T_library_LQFP_64.lib(globals_SCI)"
** L1320 (W) Duplicate symbol "_rpdl_SCI_sync_simultaneous" in "C:\Renesas\PDG2\lib\RX62T\RX62T_library_LQFP_64.lib(globals_SCI)"
** L1320 (W) Duplicate symbol "_rpdl_SCI_sync_simultaneous" in "D:\Renesas\PDG2\lib\RX62T\RX62T_library_LQFP_64.lib(globals_SCI)"
** L1320 (W) Duplicate symbol "_rpdl_SCI_MP_mode" in "C:\Renesas\PDG2\lib\RX62T\RX62T_library_LQFP_64.lib(globals_SCI)"
** L1320 (W) Duplicate symbol "_rpdl_SCI_MP_mode" in "D:\Renesas\PDG2\lib\RX62T\RX62T_library_LQFP_64.lib(globals_SCI)"
** L1320 (W) Duplicate symbol "_rpdl_SCI_MP_rx_stationID" in "C:\Renesas\PDG2\lib\RX62T\RX62T_library_LQFP_64.lib(globals_SCI)"
** L1320 (W) Duplicate symbol "_rpdl_SCI_MP_rx_stationID" in "D:\Renesas\PDG2\lib\RX62T\RX62T_library_LQFP_64.lib(globals_SCI)"
** L1320 (W) Duplicate symbol "_rpdl_SPI_tx_ptr" in "C:\Renesas\PDG2\lib\RX62T\RX62T_library_LQFP_64.lib(globals_SPI)"
** L1320 (W) Duplicate symbol "_rpdl_SPI_tx_ptr" in "D:\Renesas\PDG2\lib\RX62T\RX62T_library_LQFP_64.lib(globals_SPI)"
** L1320 (W) Duplicate symbol "_rpdl_SPI_rx_ptr" in "C:\Renesas\PDG2\lib\RX62T\RX62T_library_LQFP_64.lib(globals_SPI)"
** L1320 (W) Duplicate symbol "_rpdl_SPI_rx_ptr" in "D:\Renesas\PDG2\lib\RX62T\RX62T_library_LQFP_64.lib(globals_SPI)"
** L1320 (W) Duplicate symbol "_rpdl_SPI_callback_func" in "C:\Renesas\PDG2\lib\RX62T\RX62T_library_LQFP_64.lib(globals_SPI)"
** L1320 (W) Duplicate symbol "_rpdl_SPI_callback_func" in "D:\Renesas\PDG2\lib\RX62T\RX62T_library_LQFP_64.lib(globals_SPI)"
** L1320 (W) Duplicate symbol "_rpdl_SPI_sequence_count" in "C:\Renesas\PDG2\lib\RX62T\RX62T_library_LQFP_64.lib(globals_SPI)"
** L1320 (W) Duplicate symbol "_rpdl_SPI_sequence_count" in "D:\Renesas\PDG2\lib\RX62T\RX62T_library_LQFP_64.lib(globals_SPI)"
** L1320 (W) Duplicate symbol "_rpdl_SPI_tx_sequence_counter" in "C:\Renesas\PDG2\lib\RX62T\RX62T_library_LQFP_64.lib(globals_SPI)"
** L1320 (W) Duplicate symbol "_rpdl_SPI_tx_sequence_counter" in "D:\Renesas\PDG2\lib\RX62T\RX62T_library_LQFP_64.lib(globals_SPI)"
** L1320 (W) Duplicate symbol "_rpdl_SPI_rx_sequence_counter" in "C:\Renesas\PDG2\lib\RX62T\RX62T_library_LQFP_64.lib(globals_SPI)"
** L1320 (W) Duplicate symbol "_rpdl_SPI_rx_sequence_counter" in "D:\Renesas\PDG2\lib\RX62T\RX62T_library_LQFP_64.lib(globals_SPI)"
** L1320 (W) Duplicate symbol "_rpdl_SPI_method" in "C:\Renesas\PDG2\lib\RX62T\RX62T_library_LQFP_64.lib(globals_SPI)"
** L1320 (W) Duplicate symbol "_rpdl_SPI_method" in "D:\Renesas\PDG2\lib\RX62T\RX62T_library_LQFP_64.lib(globals_SPI)"
** L1320 (W) Duplicate symbol "_rpdl_SPI_tx_frame_counter" in "C:\Renesas\PDG2\lib\RX62T\RX62T_library_LQFP_64.lib(globals_SPI)"
** L1320 (W) Duplicate symbol "_rpdl_SPI_tx_frame_counter" in "D:\Renesas\PDG2\lib\RX62T\RX62T_library_LQFP_64.lib(globals_SPI)"
** L1320 (W) Duplicate symbol "_rpdl_SPI_frame_total" in "C:\Renesas\PDG2\lib\RX62T\RX62T_library_LQFP_64.lib(globals_SPI)"
** L1320 (W) Duplicate symbol "_rpdl_SPI_frame_total" in "D:\Renesas\PDG2\lib\RX62T\RX62T_library_LQFP_64.lib(globals_SPI)"
** L1320 (W) Duplicate symbol "_rpdl_SPI_rx_frame_counter" in "C:\Renesas\PDG2\lib\RX62T\RX62T_library_LQFP_64.lib(globals_SPI)"
** L1320 (W) Duplicate symbol "_rpdl_SPI_rx_frame_counter" in "D:\Renesas\PDG2\lib\RX62T\RX62T_library_LQFP_64.lib(globals_SPI)"
** L1320 (W) Duplicate symbol "_rpdl_WDT_callback_func" in "C:\Renesas\PDG2\lib\RX62T\RX62T_library_LQFP_64.lib(globals_WDT)"
** L1320 (W) Duplicate symbol "_rpdl_WDT_callback_func" in "D:\Renesas\PDG2\lib\RX62T\RX62T_library_LQFP_64.lib(globals_WDT)"
** L1320 (W) Duplicate symbol "_R_ADC_12_ControlAll" in "C:\Renesas\PDG2\lib\RX62T\RX62T_library_LQFP_64.lib(R_ADC_12_ControlAll)"
** L1320 (W) Duplicate symbol "_R_ADC_12_ControlAll" in "D:\Renesas\PDG2\lib\RX62T\RX62T_library_LQFP_64.lib(R_ADC_12_ControlAll)"
** L1320 (W) Duplicate symbol "_R_ADC_12_CreateChannelAll" in "C:\Renesas\PDG2\lib\RX62T\RX62T_library_LQFP_64.lib(R_ADC_12_CreateChannelAll)"
** L1320 (W) Duplicate symbol "_R_ADC_12_CreateChannelAll" in "D:\Renesas\PDG2\lib\RX62T\RX62T_library_LQFP_64.lib(R_ADC_12_CreateChannelAll)"
** L1320 (W) Duplicate symbol "_R_ADC_12_CreateChannelCommon" in "C:\Renesas\PDG2\lib\RX62T\RX62T_library_LQFP_64.lib(R_ADC_12_CreateChannelAll)"
** L1320 (W) Duplicate symbol "_R_ADC_12_CreateChannelCommon" in "D:\Renesas\PDG2\lib\RX62T\RX62T_library_LQFP_64.lib(R_ADC_12_CreateChannelAll)"
** L1320 (W) Duplicate symbol "_R_ADC_12_CreateUnitAll" in "C:\Renesas\PDG2\lib\RX62T\RX62T_library_LQFP_64.lib(R_ADC_12_CreateUnitAll)"
** L1320 (W) Duplicate symbol "_R_ADC_12_CreateUnitAll" in "D:\Renesas\PDG2\lib\RX62T\RX62T_library_LQFP_64.lib(R_ADC_12_CreateUnitAll)"
** L1320 (W) Duplicate symbol "_R_ADC_12_CreateGroup" in "C:\Renesas\PDG2\lib\RX62T\RX62T_library_LQFP_64.lib(R_ADC_12_CreateUnitAll)"
** L1320 (W) Duplicate symbol "_R_ADC_12_CreateGroup" in "D:\Renesas\PDG2\lib\RX62T\RX62T_library_LQFP_64.lib(R_ADC_12_CreateUnitAll)"
** L1320 (W) Duplicate symbol "_R_ADC_12_DestroyAll" in "C:\Renesas\PDG2\lib\RX62T\RX62T_library_LQFP_64.lib(R_ADC_12_DestroyAll)"
** L1320 (W) Duplicate symbol "_R_ADC_12_DestroyAll" in "D:\Renesas\PDG2\lib\RX62T\RX62T_library_LQFP_64.lib(R_ADC_12_DestroyAll)"
** L1320 (W) Duplicate symbol "_R_ADC_12_ReadAll" in "C:\Renesas\PDG2\lib\RX62T\RX62T_library_LQFP_64.lib(R_ADC_12_ReadAll)"
** L1320 (W) Duplicate symbol "_R_ADC_12_ReadAll" in "D:\Renesas\PDG2\lib\RX62T\RX62T_library_LQFP_64.lib(R_ADC_12_ReadAll)"
** L1320 (W) Duplicate symbol "_R_ADC_12_SetAll" in "C:\Renesas\PDG2\lib\RX62T\RX62T_library_LQFP_64.lib(R_ADC_12_SetAll)"
** L1320 (W) Duplicate symbol "_R_ADC_12_SetAll" in "D:\Renesas\PDG2\lib\RX62T\RX62T_library_LQFP_64.lib(R_ADC_12_SetAll)"
** L1320 (W) Duplicate symbol "_R_BSC_ControlAll" in "C:\Renesas\PDG2\lib\RX62T\RX62T_library_LQFP_64.lib(R_BSC_ControlAll)"
** L1320 (W) Duplicate symbol "_R_BSC_ControlAll" in "D:\Renesas\PDG2\lib\RX62T\RX62T_library_LQFP_64.lib(R_BSC_ControlAll)"
** L1320 (W) Duplicate symbol "_R_BSC_CreateAll" in "C:\Renesas\PDG2\lib\RX62T\RX62T_library_LQFP_64.lib(R_BSC_CreateAll)"
** L1320 (W) Duplicate symbol "_R_BSC_CreateAll" in "D:\Renesas\PDG2\lib\RX62T\RX62T_library_LQFP_64.lib(R_BSC_CreateAll)"
** L1320 (W) Duplicate symbol "_R_BSC_GetStatusAll" in "C:\Renesas\PDG2\lib\RX62T\RX62T_library_LQFP_64.lib(R_BSC_GetStatusAll)"
** L1320 (W) Duplicate symbol "_R_BSC_GetStatusAll" in "D:\Renesas\PDG2\lib\RX62T\RX62T_library_LQFP_64.lib(R_BSC_GetStatusAll)"
** L1320 (W) Duplicate symbol "_R_CGC_GetStatusAll" in "C:\Renesas\PDG2\lib\RX62T\RX62T_library_LQFP_64.lib(R_CGC_GetStatusAll)"
** L1320 (W) Duplicate symbol "_R_CGC_GetStatusAll" in "D:\Renesas\PDG2\lib\RX62T\RX62T_library_LQFP_64.lib(R_CGC_GetStatusAll)"
** L1320 (W) Duplicate symbol "_R_CGC_SetAll" in "C:\Renesas\PDG2\lib\RX62T\RX62T_library_LQFP_64.lib(R_CGC_SetAll)"
** L1320 (W) Duplicate symbol "_R_CGC_SetAll" in "D:\Renesas\PDG2\lib\RX62T\RX62T_library_LQFP_64.lib(R_CGC_SetAll)"
** L1320 (W) Duplicate symbol "_R_CMT_ControlAll" in "C:\Renesas\PDG2\lib\RX62T\RX62T_library_LQFP_64.lib(R_CMT_ControlAll)"
** L1320 (W) Duplicate symbol "_R_CMT_ControlAll" in "D:\Renesas\PDG2\lib\RX62T\RX62T_library_LQFP_64.lib(R_CMT_ControlAll)"
** L1320 (W) Duplicate symbol "_R_CMT_CreateAll" in "C:\Renesas\PDG2\lib\RX62T\RX62T_library_LQFP_64.lib(R_CMT_CreateAll)"
** L1320 (W) Duplicate symbol "_R_CMT_CreateAll" in "D:\Renesas\PDG2\lib\RX62T\RX62T_library_LQFP_64.lib(R_CMT_CreateAll)"
** L1320 (W) Duplicate symbol "_R_CMT_CreateOneShotAll" in "C:\Renesas\PDG2\lib\RX62T\RX62T_library_LQFP_64.lib(R_CMT_CreateOneShotAll)"
** L1320 (W) Duplicate symbol "_R_CMT_CreateOneShotAll" in "D:\Renesas\PDG2\lib\RX62T\RX62T_library_LQFP_64.lib(R_CMT_CreateOneShotAll)"
** L1320 (W) Duplicate symbol "_R_CMT_DestroyAll" in "C:\Renesas\PDG2\lib\RX62T\RX62T_library_LQFP_64.lib(R_CMT_DestroyAll)"
** L1320 (W) Duplicate symbol "_R_CMT_DestroyAll" in "D:\Renesas\PDG2\lib\RX62T\RX62T_library_LQFP_64.lib(R_CMT_DestroyAll)"
** L1320 (W) Duplicate symbol "_R_CMT_ReadAll" in "C:\Renesas\PDG2\lib\RX62T\RX62T_library_LQFP_64.lib(R_CMT_ReadAll)"
** L1320 (W) Duplicate symbol "_R_CMT_ReadAll" in "D:\Renesas\PDG2\lib\RX62T\RX62T_library_LQFP_64.lib(R_CMT_ReadAll)"
** L1320 (W) Duplicate symbol "_R_CRC_CreateAll" in "C:\Renesas\PDG2\lib\RX62T\RX62T_library_LQFP_64.lib(R_CRC_CreateAll)"
** L1320 (W) Duplicate symbol "_R_CRC_CreateAll" in "D:\Renesas\PDG2\lib\RX62T\RX62T_library_LQFP_64.lib(R_CRC_CreateAll)"
** L1320 (W) Duplicate symbol "_R_CRC_DestroyAll" in "C:\Renesas\PDG2\lib\RX62T\RX62T_library_LQFP_64.lib(R_CRC_DestroyAll)"
** L1320 (W) Duplicate symbol "_R_CRC_DestroyAll" in "D:\Renesas\PDG2\lib\RX62T\RX62T_library_LQFP_64.lib(R_CRC_DestroyAll)"
** L1320 (W) Duplicate symbol "_R_CRC_ReadAll" in "C:\Renesas\PDG2\lib\RX62T\RX62T_library_LQFP_64.lib(R_CRC_ReadAll)"
** L1320 (W) Duplicate symbol "_R_CRC_ReadAll" in "D:\Renesas\PDG2\lib\RX62T\RX62T_library_LQFP_64.lib(R_CRC_ReadAll)"
** L1320 (W) Duplicate symbol "_R_CRC_WriteAll" in "C:\Renesas\PDG2\lib\RX62T\RX62T_library_LQFP_64.lib(R_CRC_WriteAll)"
** L1320 (W) Duplicate symbol "_R_CRC_WriteAll" in "D:\Renesas\PDG2\lib\RX62T\RX62T_library_LQFP_64.lib(R_CRC_WriteAll)"
** L1320 (W) Duplicate symbol "_R_DTC_ControlAll" in "C:\Renesas\PDG2\lib\RX62T\RX62T_library_LQFP_64.lib(R_DTC_ControlAll)"
** L1320 (W) Duplicate symbol "_R_DTC_ControlAll" in "D:\Renesas\PDG2\lib\RX62T\RX62T_library_LQFP_64.lib(R_DTC_ControlAll)"
** L1320 (W) Duplicate symbol "_R_DTC_CreateAll" in "C:\Renesas\PDG2\lib\RX62T\RX62T_library_LQFP_64.lib(R_DTC_CreateAll)"
** L1320 (W) Duplicate symbol "_R_DTC_CreateAll" in "D:\Renesas\PDG2\lib\RX62T\RX62T_library_LQFP_64.lib(R_DTC_CreateAll)"
** L1320 (W) Duplicate symbol "_R_DTC_DestroyAll" in "C:\Renesas\PDG2\lib\RX62T\RX62T_library_LQFP_64.lib(R_DTC_DestroyAll)"
** L1320 (W) Duplicate symbol "_R_DTC_DestroyAll" in "D:\Renesas\PDG2\lib\RX62T\RX62T_library_LQFP_64.lib(R_DTC_DestroyAll)"
** L1320 (W) Duplicate symbol "_R_DTC_GetStatusAll" in "C:\Renesas\PDG2\lib\RX62T\RX62T_library_LQFP_64.lib(R_DTC_GetStatusAll)"
** L1320 (W) Duplicate symbol "_R_DTC_GetStatusAll" in "D:\Renesas\PDG2\lib\RX62T\RX62T_library_LQFP_64.lib(R_DTC_GetStatusAll)"
** L1320 (W) Duplicate symbol "_R_DTC_SetAll" in "C:\Renesas\PDG2\lib\RX62T\RX62T_library_LQFP_64.lib(R_DTC_SetAll)"
** L1320 (W) Duplicate symbol "_R_DTC_SetAll" in "D:\Renesas\PDG2\lib\RX62T\RX62T_library_LQFP_64.lib(R_DTC_SetAll)"
** L1320 (W) Duplicate symbol "_R_GPT_ControlChannelAll" in "C:\Renesas\PDG2\lib\RX62T\RX62T_library_LQFP_64.lib(R_GPT_ControlChannelAll)"
** L1320 (W) Duplicate symbol "_R_GPT_ControlChannelAll" in "D:\Renesas\PDG2\lib\RX62T\RX62T_library_LQFP_64.lib(R_GPT_ControlChannelAll)"
** L1320 (W) Duplicate symbol "_R_GPT_ControlUnitAll" in "C:\Renesas\PDG2\lib\RX62T\RX62T_library_LQFP_64.lib(R_GPT_ControlUnitAll)"
** L1320 (W) Duplicate symbol "_R_GPT_ControlUnitAll" in "D:\Renesas\PDG2\lib\RX62T\RX62T_library_LQFP_64.lib(R_GPT_ControlUnitAll)"
** L1320 (W) Duplicate symbol "_R_GPT_CreateAll" in "C:\Renesas\PDG2\lib\RX62T\RX62T_library_LQFP_64.lib(R_GPT_CreateAll)"
** L1320 (W) Duplicate symbol "_R_GPT_CreateAll" in "D:\Renesas\PDG2\lib\RX62T\RX62T_library_LQFP_64.lib(R_GPT_CreateAll)"
** L1320 (W) Duplicate symbol "_R_GPT_DestroyAll" in "C:\Renesas\PDG2\lib\RX62T\RX62T_library_LQFP_64.lib(R_GPT_DestroyAll)"
** L1320 (W) Duplicate symbol "_R_GPT_DestroyAll" in "D:\Renesas\PDG2\lib\RX62T\RX62T_library_LQFP_64.lib(R_GPT_DestroyAll)"
** L1320 (W) Duplicate symbol "_R_GPT_ReadChannelAll" in "C:\Renesas\PDG2\lib\RX62T\RX62T_library_LQFP_64.lib(R_GPT_ReadChannelAll)"
** L1320 (W) Duplicate symbol "_R_GPT_ReadChannelAll" in "D:\Renesas\PDG2\lib\RX62T\RX62T_library_LQFP_64.lib(R_GPT_ReadChannelAll)"
** L1320 (W) Duplicate symbol "_R_GPT_ReadUnitAll" in "C:\Renesas\PDG2\lib\RX62T\RX62T_library_LQFP_64.lib(R_GPT_ReadUnitAll)"
** L1320 (W) Duplicate symbol "_R_GPT_ReadUnitAll" in "D:\Renesas\PDG2\lib\RX62T\RX62T_library_LQFP_64.lib(R_GPT_ReadUnitAll)"
** L1320 (W) Duplicate symbol "_R_GPT_SetAll" in "C:\Renesas\PDG2\lib\RX62T\RX62T_library_LQFP_64.lib(R_GPT_SetAll)"
** L1320 (W) Duplicate symbol "_R_GPT_SetAll" in "D:\Renesas\PDG2\lib\RX62T\RX62T_library_LQFP_64.lib(R_GPT_SetAll)"
** L1320 (W) Duplicate symbol "_R_IIC_ControlAll" in "C:\Renesas\PDG2\lib\RX62T\RX62T_library_LQFP_64.lib(R_IIC_ControlAll)"
** L1320 (W) Duplicate symbol "_R_IIC_ControlAll" in "D:\Renesas\PDG2\lib\RX62T\RX62T_library_LQFP_64.lib(R_IIC_ControlAll)"
** L1320 (W) Duplicate symbol "_R_IIC_CreateAll" in "C:\Renesas\PDG2\lib\RX62T\RX62T_library_LQFP_64.lib(R_IIC_CreateAll)"
** L1320 (W) Duplicate symbol "_R_IIC_CreateAll" in "D:\Renesas\PDG2\lib\RX62T\RX62T_library_LQFP_64.lib(R_IIC_CreateAll)"
** L1320 (W) Duplicate symbol "_R_IIC_DestroyAll" in "C:\Renesas\PDG2\lib\RX62T\RX62T_library_LQFP_64.lib(R_IIC_DestroyAll)"
** L1320 (W) Duplicate symbol "_R_IIC_DestroyAll" in "D:\Renesas\PDG2\lib\RX62T\RX62T_library_LQFP_64.lib(R_IIC_DestroyAll)"
** L1320 (W) Duplicate symbol "_R_IIC_GetStatusAll" in "C:\Renesas\PDG2\lib\RX62T\RX62T_library_LQFP_64.lib(R_IIC_GetStatusAll)"
** L1320 (W) Duplicate symbol "_R_IIC_GetStatusAll" in "D:\Renesas\PDG2\lib\RX62T\RX62T_library_LQFP_64.lib(R_IIC_GetStatusAll)"
** L1320 (W) Duplicate symbol "_R_IIC_MasterReceiveAll" in "C:\Renesas\PDG2\lib\RX62T\RX62T_library_LQFP_64.lib(R_IIC_MasterReceiveAll)"
** L1320 (W) Duplicate symbol "_R_IIC_MasterReceiveAll" in "D:\Renesas\PDG2\lib\RX62T\RX62T_library_LQFP_64.lib(R_IIC_MasterReceiveAll)"
** L1320 (W) Duplicate symbol "_R_IIC_MasterReceiveLastAll" in "C:\Renesas\PDG2\lib\RX62T\RX62T_library_LQFP_64.lib(R_IIC_MasterReceiveLastAll)"
** L1320 (W) Duplicate symbol "_R_IIC_MasterReceiveLastAll" in "D:\Renesas\PDG2\lib\RX62T\RX62T_library_LQFP_64.lib(R_IIC_MasterReceiveLastAll)"
** L1320 (W) Duplicate symbol "_R_IIC_MasterSendAll" in "C:\Renesas\PDG2\lib\RX62T\RX62T_library_LQFP_64.lib(R_IIC_MasterSendAll)"
** L1320 (W) Duplicate symbol "_R_IIC_MasterSendAll" in "D:\Renesas\PDG2\lib\RX62T\RX62T_library_LQFP_64.lib(R_IIC_MasterSendAll)"
** L1320 (W) Duplicate symbol "_R_IIC_SlaveMonitorAll" in "C:\Renesas\PDG2\lib\RX62T\RX62T_library_LQFP_64.lib(R_IIC_SlaveMonitorAll)"
** L1320 (W) Duplicate symbol "_R_IIC_SlaveMonitorAll" in "D:\Renesas\PDG2\lib\RX62T\RX62T_library_LQFP_64.lib(R_IIC_SlaveMonitorAll)"
** L1320 (W) Duplicate symbol "_R_IIC_SlaveSendAll" in "C:\Renesas\PDG2\lib\RX62T\RX62T_library_LQFP_64.lib(R_IIC_SlaveSendAll)"
** L1320 (W) Duplicate symbol "_R_IIC_SlaveSendAll" in "D:\Renesas\PDG2\lib\RX62T\RX62T_library_LQFP_64.lib(R_IIC_SlaveSendAll)"
** L1320 (W) Duplicate symbol "_R_INTC_ControlExtInterruptAll" in "C:\Renesas\PDG2\lib\RX62T\RX62T_library_LQFP_64.lib(R_INTC_ControlExtInterruptAll)"
** L1320 (W) Duplicate symbol "_R_INTC_ControlExtInterruptAll" in "D:\Renesas\PDG2\lib\RX62T\RX62T_library_LQFP_64.lib(R_INTC_ControlExtInterruptAll)"
** L1320 (W) Duplicate symbol "_R_INTC_CreateExceptionHandlersAll" in "C:\Renesas\PDG2\lib\RX62T\RX62T_library_LQFP_64.lib(R_INTC_CreateExceptionHandlersAll)"
** L1320 (W) Duplicate symbol "_R_INTC_CreateExceptionHandlersAll" in "D:\Renesas\PDG2\lib\RX62T\RX62T_library_LQFP_64.lib(R_INTC_CreateExceptionHandlersAll)"
** L1320 (W) Duplicate symbol "_R_INTC_CreateExtInterruptAll" in "C:\Renesas\PDG2\lib\RX62T\RX62T_library_LQFP_64.lib(R_INTC_CreateExtInterruptAll)"
** L1320 (W) Duplicate symbol "_R_INTC_CreateExtInterruptAll" in "D:\Renesas\PDG2\lib\RX62T\RX62T_library_LQFP_64.lib(R_INTC_CreateExtInterruptAll)"
** L1320 (W) Duplicate symbol "_R_INTC_CreateFastInterruptAll" in "C:\Renesas\PDG2\lib\RX62T\RX62T_library_LQFP_64.lib(R_INTC_CreateFastInterruptAll)"
** L1320 (W) Duplicate symbol "_R_INTC_CreateFastInterruptAll" in "D:\Renesas\PDG2\lib\RX62T\RX62T_library_LQFP_64.lib(R_INTC_CreateFastInterruptAll)"
** L1320 (W) Duplicate symbol "_R_INTC_CreateSoftwareInterruptAll" in "C:\Renesas\PDG2\lib\RX62T\RX62T_library_LQFP_64.lib(R_INTC_CreateSoftwareInterruptAll)"
** L1320 (W) Duplicate symbol "_R_INTC_CreateSoftwareInterruptAll" in "D:\Renesas\PDG2\lib\RX62T\RX62T_library_LQFP_64.lib(R_INTC_CreateSoftwareInterruptAll)"
** L1320 (W) Duplicate symbol "_R_INTC_GetExtInterruptStatusAll" in "C:\Renesas\PDG2\lib\RX62T\RX62T_library_LQFP_64.lib(R_INTC_GetExtInterruptStatusAll)"
** L1320 (W) Duplicate symbol "_R_INTC_GetExtInterruptStatusAll" in "D:\Renesas\PDG2\lib\RX62T\RX62T_library_LQFP_64.lib(R_INTC_GetExtInterruptStatusAll)"
** L1320 (W) Duplicate symbol "_R_INTC_ModifyAll" in "C:\Renesas\PDG2\lib\RX62T\RX62T_library_LQFP_64.lib(R_INTC_ModifyAll)"
** L1320 (W) Duplicate symbol "_R_INTC_ModifyAll" in "D:\Renesas\PDG2\lib\RX62T\RX62T_library_LQFP_64.lib(R_INTC_ModifyAll)"
** L1320 (W) Duplicate symbol "_R_INTC_ReadAll" in "C:\Renesas\PDG2\lib\RX62T\RX62T_library_LQFP_64.lib(R_INTC_ReadAll)"
** L1320 (W) Duplicate symbol "_R_INTC_ReadAll" in "D:\Renesas\PDG2\lib\RX62T\RX62T_library_LQFP_64.lib(R_INTC_ReadAll)"
** L1320 (W) Duplicate symbol "_R_INTC_WriteAll" in "C:\Renesas\PDG2\lib\RX62T\RX62T_library_LQFP_64.lib(R_INTC_WriteAll)"
** L1320 (W) Duplicate symbol "_R_INTC_WriteAll" in "D:\Renesas\PDG2\lib\RX62T\RX62T_library_LQFP_64.lib(R_INTC_WriteAll)"
** L1320 (W) Duplicate symbol "_R_IO_PORT_CompareAll" in "C:\Renesas\PDG2\lib\RX62T\RX62T_library_LQFP_64.lib(R_IO_PORT_CompareAll)"
** L1320 (W) Duplicate symbol "_R_IO_PORT_CompareAll" in "D:\Renesas\PDG2\lib\RX62T\RX62T_library_LQFP_64.lib(R_IO_PORT_CompareAll)"
** L1320 (W) Duplicate symbol "_R_IO_PORT_CompareRegisterAll" in "C:\Renesas\PDG2\lib\RX62T\RX62T_library_LQFP_64.lib(R_IO_PORT_CompareRegisterAll)"
** L1320 (W) Duplicate symbol "_R_IO_PORT_CompareRegisterAll" in "D:\Renesas\PDG2\lib\RX62T\RX62T_library_LQFP_64.lib(R_IO_PORT_CompareRegisterAll)"
** L1320 (W) Duplicate symbol "_R_IO_PORT_ModifyControlAll" in "C:\Renesas\PDG2\lib\RX62T\RX62T_library_LQFP_64.lib(R_IO_PORT_ModifyControlAll)"
** L1320 (W) Duplicate symbol "_R_IO_PORT_ModifyControlAll" in "D:\Renesas\PDG2\lib\RX62T\RX62T_library_LQFP_64.lib(R_IO_PORT_ModifyControlAll)"
** L1320 (W) Duplicate symbol "_R_IO_PORT_ModifyControlRegisterAll" in "C:\Renesas\PDG2\lib\RX62T\RX62T_library_LQFP_64.lib(R_IO_PORT_ModifyControlRegisterAll)"
** L1320 (W) Duplicate symbol "_R_IO_PORT_ModifyControlRegisterAll" in "D:\Renesas\PDG2\lib\RX62T\RX62T_library_LQFP_64.lib(R_IO_PORT_ModifyControlRegisterAll)"
** L1320 (W) Duplicate symbol "_R_IO_PORT_ModifyDataAll" in "C:\Renesas\PDG2\lib\RX62T\RX62T_library_LQFP_64.lib(R_IO_PORT_ModifyDataAll)"
** L1320 (W) Duplicate symbol "_R_IO_PORT_ModifyDataAll" in "D:\Renesas\PDG2\lib\RX62T\RX62T_library_LQFP_64.lib(R_IO_PORT_ModifyDataAll)"
** L1320 (W) Duplicate symbol "_R_IO_PORT_ModifyDataRegisterAll" in "C:\Renesas\PDG2\lib\RX62T\RX62T_library_LQFP_64.lib(R_IO_PORT_ModifyDataRegisterAll)"
** L1320 (W) Duplicate symbol "_R_IO_PORT_ModifyDataRegisterAll" in "D:\Renesas\PDG2\lib\RX62T\RX62T_library_LQFP_64.lib(R_IO_PORT_ModifyDataRegisterAll)"
** L1320 (W) Duplicate symbol "_R_IO_PORT_ReadControlAll" in "C:\Renesas\PDG2\lib\RX62T\RX62T_library_LQFP_64.lib(R_IO_PORT_ReadControlAll)"
** L1320 (W) Duplicate symbol "_R_IO_PORT_ReadControlAll" in "D:\Renesas\PDG2\lib\RX62T\RX62T_library_LQFP_64.lib(R_IO_PORT_ReadControlAll)"
** L1320 (W) Duplicate symbol "_R_IO_PORT_ReadControlRegisterAll" in "C:\Renesas\PDG2\lib\RX62T\RX62T_library_LQFP_64.lib(R_IO_PORT_ReadControlRegisterAll)"
** L1320 (W) Duplicate symbol "_R_IO_PORT_ReadControlRegisterAll" in "D:\Renesas\PDG2\lib\RX62T\RX62T_library_LQFP_64.lib(R_IO_PORT_ReadControlRegisterAll)"
** L1320 (W) Duplicate symbol "_R_IO_PORT_ReadDataAll" in "C:\Renesas\PDG2\lib\RX62T\RX62T_library_LQFP_64.lib(R_IO_PORT_ReadDataAll)"
** L1320 (W) Duplicate symbol "_R_IO_PORT_ReadDataAll" in "D:\Renesas\PDG2\lib\RX62T\RX62T_library_LQFP_64.lib(R_IO_PORT_ReadDataAll)"
** L1320 (W) Duplicate symbol "_R_IO_PORT_ReadDataRegisterAll" in "C:\Renesas\PDG2\lib\RX62T\RX62T_library_LQFP_64.lib(R_IO_PORT_ReadDataRegisterAll)"
** L1320 (W) Duplicate symbol "_R_IO_PORT_ReadDataRegisterAll" in "D:\Renesas\PDG2\lib\RX62T\RX62T_library_LQFP_64.lib(R_IO_PORT_ReadDataRegisterAll)"
** L1320 (W) Duplicate symbol "_R_IO_PORT_SetAll" in "C:\Renesas\PDG2\lib\RX62T\RX62T_library_LQFP_64.lib(R_IO_PORT_SetAll)"
** L1320 (W) Duplicate symbol "_R_IO_PORT_SetAll" in "D:\Renesas\PDG2\lib\RX62T\RX62T_library_LQFP_64.lib(R_IO_PORT_SetAll)"
** L1320 (W) Duplicate symbol "_R_IO_PORT_WaitAll" in "C:\Renesas\PDG2\lib\RX62T\RX62T_library_LQFP_64.lib(R_IO_PORT_WaitAll)"
** L1320 (W) Duplicate symbol "_R_IO_PORT_WaitAll" in "D:\Renesas\PDG2\lib\RX62T\RX62T_library_LQFP_64.lib(R_IO_PORT_WaitAll)"
** L1320 (W) Duplicate symbol "_R_IO_PORT_WaitRegisterAll" in "C:\Renesas\PDG2\lib\RX62T\RX62T_library_LQFP_64.lib(R_IO_PORT_WaitRegisterAll)"
** L1320 (W) Duplicate symbol "_R_IO_PORT_WaitRegisterAll" in "D:\Renesas\PDG2\lib\RX62T\RX62T_library_LQFP_64.lib(R_IO_PORT_WaitRegisterAll)"
** L1320 (W) Duplicate symbol "_R_IO_PORT_WriteAll" in "C:\Renesas\PDG2\lib\RX62T\RX62T_library_LQFP_64.lib(R_IO_PORT_WriteAll)"
** L1320 (W) Duplicate symbol "_R_IO_PORT_WriteAll" in "D:\Renesas\PDG2\lib\RX62T\RX62T_library_LQFP_64.lib(R_IO_PORT_WriteAll)"
** L1320 (W) Duplicate symbol "_R_IO_PORT_WriteRegisterAll" in "C:\Renesas\PDG2\lib\RX62T\RX62T_library_LQFP_64.lib(R_IO_PORT_WriteRegisterAll)"
** L1320 (W) Duplicate symbol "_R_IO_PORT_WriteRegisterAll" in "D:\Renesas\PDG2\lib\RX62T\RX62T_library_LQFP_64.lib(R_IO_PORT_WriteRegisterAll)"
** L1320 (W) Duplicate symbol "_R_IWDT_ControlAll" in "C:\Renesas\PDG2\lib\RX62T\RX62T_library_LQFP_64.lib(R_IWDT_ControlAll)"
** L1320 (W) Duplicate symbol "_R_IWDT_ControlAll" in "D:\Renesas\PDG2\lib\RX62T\RX62T_library_LQFP_64.lib(R_IWDT_ControlAll)"
** L1320 (W) Duplicate symbol "_R_IWDT_ReadAll" in "C:\Renesas\PDG2\lib\RX62T\RX62T_library_LQFP_64.lib(R_IWDT_ReadAll)"
** L1320 (W) Duplicate symbol "_R_IWDT_ReadAll" in "D:\Renesas\PDG2\lib\RX62T\RX62T_library_LQFP_64.lib(R_IWDT_ReadAll)"
** L1320 (W) Duplicate symbol "_R_IWDT_SetAll" in "C:\Renesas\PDG2\lib\RX62T\RX62T_library_LQFP_64.lib(R_IWDT_SetAll)"
** L1320 (W) Duplicate symbol "_R_IWDT_SetAll" in "D:\Renesas\PDG2\lib\RX62T\RX62T_library_LQFP_64.lib(R_IWDT_SetAll)"
** L1320 (W) Duplicate symbol "_R_LIN_ControlAll" in "C:\Renesas\PDG2\lib\RX62T\RX62T_library_LQFP_64.lib(R_LIN_ControlAll)"
** L1320 (W) Duplicate symbol "_R_LIN_ControlAll" in "D:\Renesas\PDG2\lib\RX62T\RX62T_library_LQFP_64.lib(R_LIN_ControlAll)"
** L1320 (W) Duplicate symbol "_R_LIN_CreateAll" in "C:\Renesas\PDG2\lib\RX62T\RX62T_library_LQFP_64.lib(R_LIN_CreateAll)"
** L1320 (W) Duplicate symbol "_R_LIN_CreateAll" in "D:\Renesas\PDG2\lib\RX62T\RX62T_library_LQFP_64.lib(R_LIN_CreateAll)"
** L1320 (W) Duplicate symbol "_R_LIN_DestroyAll" in "C:\Renesas\PDG2\lib\RX62T\RX62T_library_LQFP_64.lib(R_LIN_DestroyAll)"
** L1320 (W) Duplicate symbol "_R_LIN_DestroyAll" in "D:\Renesas\PDG2\lib\RX62T\RX62T_library_LQFP_64.lib(R_LIN_DestroyAll)"
** L1320 (W) Duplicate symbol "_R_LIN_GetStatusAll" in "C:\Renesas\PDG2\lib\RX62T\RX62T_library_LQFP_64.lib(R_LIN_GetStatusAll)"
** L1320 (W) Duplicate symbol "_R_LIN_GetStatusAll" in "D:\Renesas\PDG2\lib\RX62T\RX62T_library_LQFP_64.lib(R_LIN_GetStatusAll)"
** L1320 (W) Duplicate symbol "_R_LIN_ReadAll" in "C:\Renesas\PDG2\lib\RX62T\RX62T_library_LQFP_64.lib(R_LIN_ReadAll)"
** L1320 (W) Duplicate symbol "_R_LIN_ReadAll" in "D:\Renesas\PDG2\lib\RX62T\RX62T_library_LQFP_64.lib(R_LIN_ReadAll)"
** L1320 (W) Duplicate symbol "_R_LIN_TransferAll" in "C:\Renesas\PDG2\lib\RX62T\RX62T_library_LQFP_64.lib(R_LIN_TransferAll)"
** L1320 (W) Duplicate symbol "_R_LIN_TransferAll" in "D:\Renesas\PDG2\lib\RX62T\RX62T_library_LQFP_64.lib(R_LIN_TransferAll)"
** L1320 (W) Duplicate symbol "_R_LPC_ControlAll" in "C:\Renesas\PDG2\lib\RX62T\RX62T_library_LQFP_64.lib(R_LPC_ControlAll)"
** L1320 (W) Duplicate symbol "_R_LPC_ControlAll" in "D:\Renesas\PDG2\lib\RX62T\RX62T_library_LQFP_64.lib(R_LPC_ControlAll)"
** L1320 (W) Duplicate symbol "_R_LPC_CreateAll" in "C:\Renesas\PDG2\lib\RX62T\RX62T_library_LQFP_64.lib(R_LPC_CreateAll)"
** L1320 (W) Duplicate symbol "_R_LPC_CreateAll" in "D:\Renesas\PDG2\lib\RX62T\RX62T_library_LQFP_64.lib(R_LPC_CreateAll)"
** L1320 (W) Duplicate symbol "_R_LPC_GetStatusAll" in "C:\Renesas\PDG2\lib\RX62T\RX62T_library_LQFP_64.lib(R_LPC_GetStatusAll)"
** L1320 (W) Duplicate symbol "_R_LPC_GetStatusAll" in "D:\Renesas\PDG2\lib\RX62T\RX62T_library_LQFP_64.lib(R_LPC_GetStatusAll)"
** L1320 (W) Duplicate symbol "_R_LPC_ReadBackupAll" in "C:\Renesas\PDG2\lib\RX62T\RX62T_library_LQFP_64.lib(R_LPC_ReadBackupAll)"
** L1320 (W) Duplicate symbol "_R_LPC_ReadBackupAll" in "D:\Renesas\PDG2\lib\RX62T\RX62T_library_LQFP_64.lib(R_LPC_ReadBackupAll)"
** L1320 (W) Duplicate symbol "_R_LPC_WriteBackupAll" in "C:\Renesas\PDG2\lib\RX62T\RX62T_library_LQFP_64.lib(R_LPC_WriteBackupAll)"
** L1320 (W) Duplicate symbol "_R_LPC_WriteBackupAll" in "D:\Renesas\PDG2\lib\RX62T\RX62T_library_LQFP_64.lib(R_LPC_WriteBackupAll)"
** L1320 (W) Duplicate symbol "_R_LVD_ControlAll" in "C:\Renesas\PDG2\lib\RX62T\RX62T_library_LQFP_64.lib(R_LVD_ControlAll)"
** L1320 (W) Duplicate symbol "_R_LVD_ControlAll" in "D:\Renesas\PDG2\lib\RX62T\RX62T_library_LQFP_64.lib(R_LVD_ControlAll)"
** L1320 (W) Duplicate symbol "_R_MCU_ControlAll" in "C:\Renesas\PDG2\lib\RX62T\RX62T_library_LQFP_64.lib(R_MCU_ControlAll)"
** L1320 (W) Duplicate symbol "_R_MCU_ControlAll" in "D:\Renesas\PDG2\lib\RX62T\RX62T_library_LQFP_64.lib(R_MCU_ControlAll)"
** L1320 (W) Duplicate symbol "_R_MCU_GetStatusAll" in "C:\Renesas\PDG2\lib\RX62T\RX62T_library_LQFP_64.lib(R_MCU_GetStatusAll)"
** L1320 (W) Duplicate symbol "_R_MCU_GetStatusAll" in "D:\Renesas\PDG2\lib\RX62T\RX62T_library_LQFP_64.lib(R_MCU_GetStatusAll)"
** L1320 (W) Duplicate symbol "_R_MTU3_ControlChannelAll" in "C:\Renesas\PDG2\lib\RX62T\RX62T_library_LQFP_64.lib(R_MTU3_ControlChannelAll)"
** L1320 (W) Duplicate symbol "_R_MTU3_ControlChannelAll" in "D:\Renesas\PDG2\lib\RX62T\RX62T_library_LQFP_64.lib(R_MTU3_ControlChannelAll)"
** L1320 (W) Duplicate symbol "_R_MTU3_ControlUnitAll" in "C:\Renesas\PDG2\lib\RX62T\RX62T_library_LQFP_64.lib(R_MTU3_ControlUnitAll)"
** L1320 (W) Duplicate symbol "_R_MTU3_ControlUnitAll" in "D:\Renesas\PDG2\lib\RX62T\RX62T_library_LQFP_64.lib(R_MTU3_ControlUnitAll)"
** L1320 (W) Duplicate symbol "_R_MTU3_CreateAll" in "C:\Renesas\PDG2\lib\RX62T\RX62T_library_LQFP_64.lib(R_MTU3_CreateAll)"
** L1320 (W) Duplicate symbol "_R_MTU3_CreateAll" in "D:\Renesas\PDG2\lib\RX62T\RX62T_library_LQFP_64.lib(R_MTU3_CreateAll)"
** L1320 (W) Duplicate symbol "_R_MTU3_DestroyAll" in "C:\Renesas\PDG2\lib\RX62T\RX62T_library_LQFP_64.lib(R_MTU3_DestroyAll)"
** L1320 (W) Duplicate symbol "_R_MTU3_DestroyAll" in "D:\Renesas\PDG2\lib\RX62T\RX62T_library_LQFP_64.lib(R_MTU3_DestroyAll)"
** L1320 (W) Duplicate symbol "_R_MTU3_ReadChannelAll" in "C:\Renesas\PDG2\lib\RX62T\RX62T_library_LQFP_64.lib(R_MTU3_ReadChannelAll)"
** L1320 (W) Duplicate symbol "_R_MTU3_ReadChannelAll" in "D:\Renesas\PDG2\lib\RX62T\RX62T_library_LQFP_64.lib(R_MTU3_ReadChannelAll)"
** L1320 (W) Duplicate symbol "_R_MTU3_ReadUnitAll" in "C:\Renesas\PDG2\lib\RX62T\RX62T_library_LQFP_64.lib(R_MTU3_ReadUnitAll)"
** L1320 (W) Duplicate symbol "_R_MTU3_ReadUnitAll" in "D:\Renesas\PDG2\lib\RX62T\RX62T_library_LQFP_64.lib(R_MTU3_ReadUnitAll)"
** L1320 (W) Duplicate symbol "_R_MTU3_SetAll" in "C:\Renesas\PDG2\lib\RX62T\RX62T_library_LQFP_64.lib(R_MTU3_SetAll)"
** L1320 (W) Duplicate symbol "_R_MTU3_SetAll" in "D:\Renesas\PDG2\lib\RX62T\RX62T_library_LQFP_64.lib(R_MTU3_SetAll)"
** L1320 (W) Duplicate symbol "_R_PFC_ModifyRegisterAll" in "C:\Renesas\PDG2\lib\RX62T\RX62T_library_LQFP_64.lib(R_PFC_ModifyRegisterAll)"
** L1320 (W) Duplicate symbol "_R_PFC_ModifyRegisterAll" in "D:\Renesas\PDG2\lib\RX62T\RX62T_library_LQFP_64.lib(R_PFC_ModifyRegisterAll)"
** L1320 (W) Duplicate symbol "_R_PFC_ReadRegisterAll" in "C:\Renesas\PDG2\lib\RX62T\RX62T_library_LQFP_64.lib(R_PFC_ReadRegisterAll)"
** L1320 (W) Duplicate symbol "_R_PFC_ReadRegisterAll" in "D:\Renesas\PDG2\lib\RX62T\RX62T_library_LQFP_64.lib(R_PFC_ReadRegisterAll)"
** L1320 (W) Duplicate symbol "_R_PFC_WriteRegisterAll" in "C:\Renesas\PDG2\lib\RX62T\RX62T_library_LQFP_64.lib(R_PFC_WriteRegisterAll)"
** L1320 (W) Duplicate symbol "_R_PFC_WriteRegisterAll" in "D:\Renesas\PDG2\lib\RX62T\RX62T_library_LQFP_64.lib(R_PFC_WriteRegisterAll)"
** L1320 (W) Duplicate symbol "_R_POE_ControlAll" in "C:\Renesas\PDG2\lib\RX62T\RX62T_library_LQFP_64.lib(R_POE_ControlAll)"
** L1320 (W) Duplicate symbol "_R_POE_ControlAll" in "D:\Renesas\PDG2\lib\RX62T\RX62T_library_LQFP_64.lib(R_POE_ControlAll)"
** L1320 (W) Duplicate symbol "_R_POE_CreateAll" in "C:\Renesas\PDG2\lib\RX62T\RX62T_library_LQFP_64.lib(R_POE_CreateAll)"
** L1320 (W) Duplicate symbol "_R_POE_CreateAll" in "D:\Renesas\PDG2\lib\RX62T\RX62T_library_LQFP_64.lib(R_POE_CreateAll)"
** L1320 (W) Duplicate symbol "_R_POE_GetStatusAll" in "C:\Renesas\PDG2\lib\RX62T\RX62T_library_LQFP_64.lib(R_POE_GetStatusAll)"
** L1320 (W) Duplicate symbol "_R_POE_GetStatusAll" in "D:\Renesas\PDG2\lib\RX62T\RX62T_library_LQFP_64.lib(R_POE_GetStatusAll)"
** L1320 (W) Duplicate symbol "_R_POE_SetAll" in "C:\Renesas\PDG2\lib\RX62T\RX62T_library_LQFP_64.lib(R_POE_SetAll)"
** L1320 (W) Duplicate symbol "_R_POE_SetAll" in "D:\Renesas\PDG2\lib\RX62T\RX62T_library_LQFP_64.lib(R_POE_SetAll)"
** L1320 (W) Duplicate symbol "_R_SCI_ControlAll" in "C:\Renesas\PDG2\lib\RX62T\RX62T_library_LQFP_64.lib(R_SCI_ControlAll)"
** L1320 (W) Duplicate symbol "_R_SCI_ControlAll" in "D:\Renesas\PDG2\lib\RX62T\RX62T_library_LQFP_64.lib(R_SCI_ControlAll)"
** L1320 (W) Duplicate symbol "_R_SCI_CreateAll" in "C:\Renesas\PDG2\lib\RX62T\RX62T_library_LQFP_64.lib(R_SCI_CreateAll)"
** L1320 (W) Duplicate symbol "_R_SCI_CreateAll" in "D:\Renesas\PDG2\lib\RX62T\RX62T_library_LQFP_64.lib(R_SCI_CreateAll)"
** L1320 (W) Duplicate symbol "_R_SCI_CreateAsyncAll" in "C:\Renesas\PDG2\lib\RX62T\RX62T_library_LQFP_64.lib(R_SCI_CreateAll)"
** L1320 (W) Duplicate symbol "_R_SCI_CreateAsyncAll" in "D:\Renesas\PDG2\lib\RX62T\RX62T_library_LQFP_64.lib(R_SCI_CreateAll)"
** L1320 (W) Duplicate symbol "_R_SCI_CreateSyncAll" in "C:\Renesas\PDG2\lib\RX62T\RX62T_library_LQFP_64.lib(R_SCI_CreateAll)"
** L1320 (W) Duplicate symbol "_R_SCI_CreateSyncAll" in "D:\Renesas\PDG2\lib\RX62T\RX62T_library_LQFP_64.lib(R_SCI_CreateAll)"
** L1320 (W) Duplicate symbol "_R_SCI_CreateSmartAll" in "C:\Renesas\PDG2\lib\RX62T\RX62T_library_LQFP_64.lib(R_SCI_CreateAll)"
** L1320 (W) Duplicate symbol "_R_SCI_CreateSmartAll" in "D:\Renesas\PDG2\lib\RX62T\RX62T_library_LQFP_64.lib(R_SCI_CreateAll)"
** L1320 (W) Duplicate symbol "_R_SCI_DestroyAll" in "C:\Renesas\PDG2\lib\RX62T\RX62T_library_LQFP_64.lib(R_SCI_DestroyAll)"
** L1320 (W) Duplicate symbol "_R_SCI_DestroyAll" in "D:\Renesas\PDG2\lib\RX62T\RX62T_library_LQFP_64.lib(R_SCI_DestroyAll)"
** L1320 (W) Duplicate symbol "_R_SCI_GetStatusAll" in "C:\Renesas\PDG2\lib\RX62T\RX62T_library_LQFP_64.lib(R_SCI_GetStatusAll)"
** L1320 (W) Duplicate symbol "_R_SCI_GetStatusAll" in "D:\Renesas\PDG2\lib\RX62T\RX62T_library_LQFP_64.lib(R_SCI_GetStatusAll)"
** L1320 (W) Duplicate symbol "_R_SCI_ReceiveAll" in "C:\Renesas\PDG2\lib\RX62T\RX62T_library_LQFP_64.lib(R_SCI_ReceiveAll)"
** L1320 (W) Duplicate symbol "_R_SCI_ReceiveAll" in "D:\Renesas\PDG2\lib\RX62T\RX62T_library_LQFP_64.lib(R_SCI_ReceiveAll)"
** L1320 (W) Duplicate symbol "_R_SCI_ReceiveStationID" in "C:\Renesas\PDG2\lib\RX62T\RX62T_library_LQFP_64.lib(R_SCI_ReceiveAll)"
** L1320 (W) Duplicate symbol "_R_SCI_ReceiveStationID" in "D:\Renesas\PDG2\lib\RX62T\RX62T_library_LQFP_64.lib(R_SCI_ReceiveAll)"
** L1320 (W) Duplicate symbol "_R_SCI_ReceiveData" in "C:\Renesas\PDG2\lib\RX62T\RX62T_library_LQFP_64.lib(R_SCI_ReceiveAll)"
** L1320 (W) Duplicate symbol "_R_SCI_ReceiveData" in "D:\Renesas\PDG2\lib\RX62T\RX62T_library_LQFP_64.lib(R_SCI_ReceiveAll)"
** L1320 (W) Duplicate symbol "_R_SCI_SendAll" in "C:\Renesas\PDG2\lib\RX62T\RX62T_library_LQFP_64.lib(R_SCI_SendAll)"
** L1320 (W) Duplicate symbol "_R_SCI_SendAll" in "D:\Renesas\PDG2\lib\RX62T\RX62T_library_LQFP_64.lib(R_SCI_SendAll)"
** L1320 (W) Duplicate symbol "_R_SCI_SendStationID" in "C:\Renesas\PDG2\lib\RX62T\RX62T_library_LQFP_64.lib(R_SCI_SendAll)"
** L1320 (W) Duplicate symbol "_R_SCI_SendStationID" in "D:\Renesas\PDG2\lib\RX62T\RX62T_library_LQFP_64.lib(R_SCI_SendAll)"
** L1320 (W) Duplicate symbol "_R_SCI_SendData" in "C:\Renesas\PDG2\lib\RX62T\RX62T_library_LQFP_64.lib(R_SCI_SendAll)"
** L1320 (W) Duplicate symbol "_R_SCI_SendData" in "D:\Renesas\PDG2\lib\RX62T\RX62T_library_LQFP_64.lib(R_SCI_SendAll)"
** L1320 (W) Duplicate symbol "_R_SCI_SetAll" in "C:\Renesas\PDG2\lib\RX62T\RX62T_library_LQFP_64.lib(R_SCI_SetAll)"
** L1320 (W) Duplicate symbol "_R_SCI_SetAll" in "D:\Renesas\PDG2\lib\RX62T\RX62T_library_LQFP_64.lib(R_SCI_SetAll)"
** L1320 (W) Duplicate symbol "_R_SPI_CommandAll" in "C:\Renesas\PDG2\lib\RX62T\RX62T_library_LQFP_64.lib(R_SPI_CommandAll)"
** L1320 (W) Duplicate symbol "_R_SPI_CommandAll" in "D:\Renesas\PDG2\lib\RX62T\RX62T_library_LQFP_64.lib(R_SPI_CommandAll)"
** L1320 (W) Duplicate symbol "_R_SPI_ControlAll" in "C:\Renesas\PDG2\lib\RX62T\RX62T_library_LQFP_64.lib(R_SPI_ControlAll)"
** L1320 (W) Duplicate symbol "_R_SPI_ControlAll" in "D:\Renesas\PDG2\lib\RX62T\RX62T_library_LQFP_64.lib(R_SPI_ControlAll)"
** L1320 (W) Duplicate symbol "_R_SPI_CreateAll" in "C:\Renesas\PDG2\lib\RX62T\RX62T_library_LQFP_64.lib(R_SPI_CreateAll)"
** L1320 (W) Duplicate symbol "_R_SPI_CreateAll" in "D:\Renesas\PDG2\lib\RX62T\RX62T_library_LQFP_64.lib(R_SPI_CreateAll)"
** L1320 (W) Duplicate symbol "_R_SPI_DestroyAll" in "C:\Renesas\PDG2\lib\RX62T\RX62T_library_LQFP_64.lib(R_SPI_DestroyAll)"
** L1320 (W) Duplicate symbol "_R_SPI_DestroyAll" in "D:\Renesas\PDG2\lib\RX62T\RX62T_library_LQFP_64.lib(R_SPI_DestroyAll)"
** L1320 (W) Duplicate symbol "_R_SPI_GetStatusAll" in "C:\Renesas\PDG2\lib\RX62T\RX62T_library_LQFP_64.lib(R_SPI_GetStatusAll)"
** L1320 (W) Duplicate symbol "_R_SPI_GetStatusAll" in "D:\Renesas\PDG2\lib\RX62T\RX62T_library_LQFP_64.lib(R_SPI_GetStatusAll)"
** L1320 (W) Duplicate symbol "_R_SPI_TransferAll" in "C:\Renesas\PDG2\lib\RX62T\RX62T_library_LQFP_64.lib(R_SPI_TransferAll)"
** L1320 (W) Duplicate symbol "_R_SPI_TransferAll" in "D:\Renesas\PDG2\lib\RX62T\RX62T_library_LQFP_64.lib(R_SPI_TransferAll)"
** L1320 (W) Duplicate symbol "_R_WDT_ControlAll" in "C:\Renesas\PDG2\lib\RX62T\RX62T_library_LQFP_64.lib(R_WDT_ControlAll)"
** L1320 (W) Duplicate symbol "_R_WDT_ControlAll" in "D:\Renesas\PDG2\lib\RX62T\RX62T_library_LQFP_64.lib(R_WDT_ControlAll)"
** L1320 (W) Duplicate symbol "_R_WDT_CreateAll" in "C:\Renesas\PDG2\lib\RX62T\RX62T_library_LQFP_64.lib(R_WDT_CreateAll)"
** L1320 (W) Duplicate symbol "_R_WDT_CreateAll" in "D:\Renesas\PDG2\lib\RX62T\RX62T_library_LQFP_64.lib(R_WDT_CreateAll)"
** L1320 (W) Duplicate symbol "_R_WDT_ReadAll" in "C:\Renesas\PDG2\lib\RX62T\RX62T_library_LQFP_64.lib(R_WDT_ReadAll)"
** L1320 (W) Duplicate symbol "_R_WDT_ReadAll" in "D:\Renesas\PDG2\lib\RX62T\RX62T_library_LQFP_64.lib(R_WDT_ReadAll)"
** L1320 (W) Duplicate symbol "_ReturnFalse" in "C:\Renesas\PDG2\lib\RX62T\RX62T_library_LQFP_64.lib(ReturnFalse)"
** L1320 (W) Duplicate symbol "_ReturnFalse" in "D:\Renesas\PDG2\lib\RX62T\RX62T_library_LQFP_64.lib(ReturnFalse)"
** L1320 (W) Duplicate symbol "_rpdl_ADC_12_Start" in "C:\Renesas\PDG2\lib\RX62T\RX62T_library_LQFP_64.lib(utilities_ADC_12)"
** L1320 (W) Duplicate symbol "_rpdl_ADC_12_Start" in "D:\Renesas\PDG2\lib\RX62T\RX62T_library_LQFP_64.lib(utilities_ADC_12)"
** L1320 (W) Duplicate symbol "_rpdl_ADC_12_ModifyIEN" in "C:\Renesas\PDG2\lib\RX62T\RX62T_library_LQFP_64.lib(utilities_ADC_12)"
** L1320 (W) Duplicate symbol "_rpdl_ADC_12_ModifyIEN" in "D:\Renesas\PDG2\lib\RX62T\RX62T_library_LQFP_64.lib(utilities_ADC_12)"
** L1320 (W) Duplicate symbol "_rpdl_ADC_12_CMP_ModifyIEN" in "C:\Renesas\PDG2\lib\RX62T\RX62T_library_LQFP_64.lib(utilities_ADC_12)"
** L1320 (W) Duplicate symbol "_rpdl_ADC_12_CMP_ModifyIEN" in "D:\Renesas\PDG2\lib\RX62T\RX62T_library_LQFP_64.lib(utilities_ADC_12)"
** L1320 (W) Duplicate symbol "_rpdl_CMT_ModifyIEN" in "C:\Renesas\PDG2\lib\RX62T\RX62T_library_LQFP_64.lib(utilities_CMT)"
** L1320 (W) Duplicate symbol "_rpdl_CMT_ModifyIEN" in "D:\Renesas\PDG2\lib\RX62T\RX62T_library_LQFP_64.lib(utilities_CMT)"
** L1320 (W) Duplicate symbol "_R_GPT_Create_load_defaults" in "C:\Renesas\PDG2\lib\RX62T\RX62T_library_LQFP_64.lib(utilities_GPT)"
** L1320 (W) Duplicate symbol "_R_GPT_Create_load_defaults" in "D:\Renesas\PDG2\lib\RX62T\RX62T_library_LQFP_64.lib(utilities_GPT)"
** L1320 (W) Duplicate symbol "_rpdl_GPT_DisableIER" in "C:\Renesas\PDG2\lib\RX62T\RX62T_library_LQFP_64.lib(utilities_GPT)"
** L1320 (W) Duplicate symbol "_rpdl_GPT_DisableIER" in "D:\Renesas\PDG2\lib\RX62T\RX62T_library_LQFP_64.lib(utilities_GPT)"
** L1320 (W) Duplicate symbol "_rpdl_GPT_EnableGTCIAIER" in "C:\Renesas\PDG2\lib\RX62T\RX62T_library_LQFP_64.lib(utilities_GPT)"
** L1320 (W) Duplicate symbol "_rpdl_GPT_EnableGTCIAIER" in "D:\Renesas\PDG2\lib\RX62T\RX62T_library_LQFP_64.lib(utilities_GPT)"
** L1320 (W) Duplicate symbol "_rpdl_GPT_EnableGTCIBIER" in "C:\Renesas\PDG2\lib\RX62T\RX62T_library_LQFP_64.lib(utilities_GPT)"
** L1320 (W) Duplicate symbol "_rpdl_GPT_EnableGTCIBIER" in "D:\Renesas\PDG2\lib\RX62T\RX62T_library_LQFP_64.lib(utilities_GPT)"
** L1320 (W) Duplicate symbol "_rpdl_GPT_EnableGTCICIER" in "C:\Renesas\PDG2\lib\RX62T\RX62T_library_LQFP_64.lib(utilities_GPT)"
** L1320 (W) Duplicate symbol "_rpdl_GPT_EnableGTCICIER" in "D:\Renesas\PDG2\lib\RX62T\RX62T_library_LQFP_64.lib(utilities_GPT)"
** L1320 (W) Duplicate symbol "_rpdl_GPT_EnableGTCIEIER" in "C:\Renesas\PDG2\lib\RX62T\RX62T_library_LQFP_64.lib(utilities_GPT)"
** L1320 (W) Duplicate symbol "_rpdl_GPT_EnableGTCIEIER" in "D:\Renesas\PDG2\lib\RX62T\RX62T_library_LQFP_64.lib(utilities_GPT)"
** L1320 (W) Duplicate symbol "_rpdl_GPT_EnableGTCIVIER" in "C:\Renesas\PDG2\lib\RX62T\RX62T_library_LQFP_64.lib(utilities_GPT)"
** L1320 (W) Duplicate symbol "_rpdl_GPT_EnableGTCIVIER" in "D:\Renesas\PDG2\lib\RX62T\RX62T_library_LQFP_64.lib(utilities_GPT)"
** L1320 (W) Duplicate symbol "_rpdl_GPT_EnableLOCO1IER" in "C:\Renesas\PDG2\lib\RX62T\RX62T_library_LQFP_64.lib(utilities_GPT)"
** L1320 (W) Duplicate symbol "_rpdl_GPT_EnableLOCO1IER" in "D:\Renesas\PDG2\lib\RX62T\RX62T_library_LQFP_64.lib(utilities_GPT)"
** L1320 (W) Duplicate symbol "_rpdl_IIC_EnableTxIEN" in "C:\Renesas\PDG2\lib\RX62T\RX62T_library_LQFP_64.lib(utilities_IIC)"
** L1320 (W) Duplicate symbol "_rpdl_IIC_EnableTxIEN" in "D:\Renesas\PDG2\lib\RX62T\RX62T_library_LQFP_64.lib(utilities_IIC)"
** L1320 (W) Duplicate symbol "_rpdl_IIC_EnableRxIEN" in "C:\Renesas\PDG2\lib\RX62T\RX62T_library_LQFP_64.lib(utilities_IIC)"
** L1320 (W) Duplicate symbol "_rpdl_IIC_EnableRxIEN" in "D:\Renesas\PDG2\lib\RX62T\RX62T_library_LQFP_64.lib(utilities_IIC)"
** L1320 (W) Duplicate symbol "_rpdl_IIC_DisableIEN" in "C:\Renesas\PDG2\lib\RX62T\RX62T_library_LQFP_64.lib(utilities_IIC)"
** L1320 (W) Duplicate symbol "_rpdl_IIC_DisableIEN" in "D:\Renesas\PDG2\lib\RX62T\RX62T_library_LQFP_64.lib(utilities_IIC)"
** L1320 (W) Duplicate symbol "_Send_IIC_byte" in "C:\Renesas\PDG2\lib\RX62T\RX62T_library_LQFP_64.lib(utilities_IIC)"
** L1320 (W) Duplicate symbol "_Send_IIC_byte" in "D:\Renesas\PDG2\lib\RX62T\RX62T_library_LQFP_64.lib(utilities_IIC)"
** L1320 (W) Duplicate symbol "_Store_detected_address" in "C:\Renesas\PDG2\lib\RX62T\RX62T_library_LQFP_64.lib(utilities_IIC)"
** L1320 (W) Duplicate symbol "_Store_detected_address" in "D:\Renesas\PDG2\lib\RX62T\RX62T_library_LQFP_64.lib(utilities_IIC)"
** L1320 (W) Duplicate symbol "_rpdl_INTC_ModifyIEN" in "C:\Renesas\PDG2\lib\RX62T\RX62T_library_LQFP_64.lib(utilities_INTC)"
** L1320 (W) Duplicate symbol "_rpdl_INTC_ModifyIEN" in "D:\Renesas\PDG2\lib\RX62T\RX62T_library_LQFP_64.lib(utilities_INTC)"
** L1320 (W) Duplicate symbol "_rpdl_INTC_ReadIEN" in "C:\Renesas\PDG2\lib\RX62T\RX62T_library_LQFP_64.lib(utilities_INTC)"
** L1320 (W) Duplicate symbol "_rpdl_INTC_ReadIEN" in "D:\Renesas\PDG2\lib\RX62T\RX62T_library_LQFP_64.lib(utilities_INTC)"
** L1320 (W) Duplicate symbol "_SetIRQPin" in "C:\Renesas\PDG2\lib\RX62T\RX62T_library_LQFP_64.lib(utilities_INTC)"
** L1320 (W) Duplicate symbol "_SetIRQPin" in "D:\Renesas\PDG2\lib\RX62T\RX62T_library_LQFP_64.lib(utilities_INTC)"
** L1320 (W) Duplicate symbol "_R_MTU3_Create_load_defaults" in "C:\Renesas\PDG2\lib\RX62T\RX62T_library_LQFP_64.lib(utilities_MTU3)"
** L1320 (W) Duplicate symbol "_R_MTU3_Create_load_defaults" in "D:\Renesas\PDG2\lib\RX62T\RX62T_library_LQFP_64.lib(utilities_MTU3)"
** L1320 (W) Duplicate symbol "_R_MTU3_ControlUnit_load_defaults" in "C:\Renesas\PDG2\lib\RX62T\RX62T_library_LQFP_64.lib(utilities_MTU3)"
** L1320 (W) Duplicate symbol "_R_MTU3_ControlUnit_load_defaults" in "D:\Renesas\PDG2\lib\RX62T\RX62T_library_LQFP_64.lib(utilities_MTU3)"
** L1320 (W) Duplicate symbol "_rpdl_MTU3_DisableIER" in "C:\Renesas\PDG2\lib\RX62T\RX62T_library_LQFP_64.lib(utilities_MTU3)"
** L1320 (W) Duplicate symbol "_rpdl_MTU3_DisableIER" in "D:\Renesas\PDG2\lib\RX62T\RX62T_library_LQFP_64.lib(utilities_MTU3)"
** L1320 (W) Duplicate symbol "_rpdl_MTU3_EnableTGRAIER" in "C:\Renesas\PDG2\lib\RX62T\RX62T_library_LQFP_64.lib(utilities_MTU3)"
** L1320 (W) Duplicate symbol "_rpdl_MTU3_EnableTGRAIER" in "D:\Renesas\PDG2\lib\RX62T\RX62T_library_LQFP_64.lib(utilities_MTU3)"
** L1320 (W) Duplicate symbol "_rpdl_MTU3_EnableTGRBIER" in "C:\Renesas\PDG2\lib\RX62T\RX62T_library_LQFP_64.lib(utilities_MTU3)"
** L1320 (W) Duplicate symbol "_rpdl_MTU3_EnableTGRBIER" in "D:\Renesas\PDG2\lib\RX62T\RX62T_library_LQFP_64.lib(utilities_MTU3)"
** L1320 (W) Duplicate symbol "_rpdl_MTU3_EnableTGRCIER" in "C:\Renesas\PDG2\lib\RX62T\RX62T_library_LQFP_64.lib(utilities_MTU3)"
** L1320 (W) Duplicate symbol "_rpdl_MTU3_EnableTGRCIER" in "D:\Renesas\PDG2\lib\RX62T\RX62T_library_LQFP_64.lib(utilities_MTU3)"
** L1320 (W) Duplicate symbol "_rpdl_MTU3_EnableTGRDIER" in "C:\Renesas\PDG2\lib\RX62T\RX62T_library_LQFP_64.lib(utilities_MTU3)"
** L1320 (W) Duplicate symbol "_rpdl_MTU3_EnableTGRDIER" in "D:\Renesas\PDG2\lib\RX62T\RX62T_library_LQFP_64.lib(utilities_MTU3)"
** L1320 (W) Duplicate symbol "_rpdl_MTU3_EnableTGREIER" in "C:\Renesas\PDG2\lib\RX62T\RX62T_library_LQFP_64.lib(utilities_MTU3)"
** L1320 (W) Duplicate symbol "_rpdl_MTU3_EnableTGREIER" in "D:\Renesas\PDG2\lib\RX62T\RX62T_library_LQFP_64.lib(utilities_MTU3)"
** L1320 (W) Duplicate symbol "_rpdl_MTU3_EnableTGRFIER" in "C:\Renesas\PDG2\lib\RX62T\RX62T_library_LQFP_64.lib(utilities_MTU3)"
** L1320 (W) Duplicate symbol "_rpdl_MTU3_EnableTGRFIER" in "D:\Renesas\PDG2\lib\RX62T\RX62T_library_LQFP_64.lib(utilities_MTU3)"
** L1320 (W) Duplicate symbol "_rpdl_MTU3_EnableTGRUIER" in "C:\Renesas\PDG2\lib\RX62T\RX62T_library_LQFP_64.lib(utilities_MTU3)"
** L1320 (W) Duplicate symbol "_rpdl_MTU3_EnableTGRUIER" in "D:\Renesas\PDG2\lib\RX62T\RX62T_library_LQFP_64.lib(utilities_MTU3)"
** L1320 (W) Duplicate symbol "_rpdl_MTU3_EnableTGRVIER" in "C:\Renesas\PDG2\lib\RX62T\RX62T_library_LQFP_64.lib(utilities_MTU3)"
** L1320 (W) Duplicate symbol "_rpdl_MTU3_EnableTGRVIER" in "D:\Renesas\PDG2\lib\RX62T\RX62T_library_LQFP_64.lib(utilities_MTU3)"
** L1320 (W) Duplicate symbol "_rpdl_MTU3_EnableTGRWIER" in "C:\Renesas\PDG2\lib\RX62T\RX62T_library_LQFP_64.lib(utilities_MTU3)"
** L1320 (W) Duplicate symbol "_rpdl_MTU3_EnableTGRWIER" in "D:\Renesas\PDG2\lib\RX62T\RX62T_library_LQFP_64.lib(utilities_MTU3)"
** L1320 (W) Duplicate symbol "_rpdl_MTU3_EnableTCIVIER" in "C:\Renesas\PDG2\lib\RX62T\RX62T_library_LQFP_64.lib(utilities_MTU3)"
** L1320 (W) Duplicate symbol "_rpdl_MTU3_EnableTCIVIER" in "D:\Renesas\PDG2\lib\RX62T\RX62T_library_LQFP_64.lib(utilities_MTU3)"
** L1320 (W) Duplicate symbol "_rpdl_MTU3_EnableTCIUIER" in "C:\Renesas\PDG2\lib\RX62T\RX62T_library_LQFP_64.lib(utilities_MTU3)"
** L1320 (W) Duplicate symbol "_rpdl_MTU3_EnableTCIUIER" in "D:\Renesas\PDG2\lib\RX62T\RX62T_library_LQFP_64.lib(utilities_MTU3)"
** L1320 (W) Duplicate symbol "_rpdl_SCI_SetIdleOutputState" in "C:\Renesas\PDG2\lib\RX62T\RX62T_library_LQFP_64.lib(utilities_SCI)"
** L1320 (W) Duplicate symbol "_rpdl_SCI_SetIdleOutputState" in "D:\Renesas\PDG2\lib\RX62T\RX62T_library_LQFP_64.lib(utilities_SCI)"
** L1320 (W) Duplicate symbol "_rpdl_SCI_ReadRXD" in "C:\Renesas\PDG2\lib\RX62T\RX62T_library_LQFP_64.lib(utilities_SCI)"
** L1320 (W) Duplicate symbol "_rpdl_SCI_ReadRXD" in "D:\Renesas\PDG2\lib\RX62T\RX62T_library_LQFP_64.lib(utilities_SCI)"
** L1320 (W) Duplicate symbol "_rpdl_SCI_ModifyTxIER" in "C:\Renesas\PDG2\lib\RX62T\RX62T_library_LQFP_64.lib(utilities_SCI)"
** L1320 (W) Duplicate symbol "_rpdl_SCI_ModifyTxIER" in "D:\Renesas\PDG2\lib\RX62T\RX62T_library_LQFP_64.lib(utilities_SCI)"
** L1320 (W) Duplicate symbol "_rpdl_SCI_ModifyRxIER" in "C:\Renesas\PDG2\lib\RX62T\RX62T_library_LQFP_64.lib(utilities_SCI)"
** L1320 (W) Duplicate symbol "_rpdl_SCI_ModifyRxIER" in "D:\Renesas\PDG2\lib\RX62T\RX62T_library_LQFP_64.lib(utilities_SCI)"
** L1320 (W) Duplicate symbol "_rpdl_SCI_EnableReception" in "C:\Renesas\PDG2\lib\RX62T\RX62T_library_LQFP_64.lib(utilities_SCI)"
** L1320 (W) Duplicate symbol "_rpdl_SCI_EnableReception" in "D:\Renesas\PDG2\lib\RX62T\RX62T_library_LQFP_64.lib(utilities_SCI)"
** L1320 (W) Duplicate symbol "_rpdl_SCI_EnableTransmission" in "C:\Renesas\PDG2\lib\RX62T\RX62T_library_LQFP_64.lib(utilities_SCI)"
** L1320 (W) Duplicate symbol "_rpdl_SCI_EnableTransmission" in "D:\Renesas\PDG2\lib\RX62T\RX62T_library_LQFP_64.lib(utilities_SCI)"
** L1320 (W) Duplicate symbol "_rpdl_SPI_EnableErrorIEN" in "C:\Renesas\PDG2\lib\RX62T\RX62T_library_LQFP_64.lib(utilities_SPI)"
** L1320 (W) Duplicate symbol "_rpdl_SPI_EnableErrorIEN" in "D:\Renesas\PDG2\lib\RX62T\RX62T_library_LQFP_64.lib(utilities_SPI)"
** L1320 (W) Duplicate symbol "_rpdl_SPI_EnableIdleIEN" in "C:\Renesas\PDG2\lib\RX62T\RX62T_library_LQFP_64.lib(utilities_SPI)"
** L1320 (W) Duplicate symbol "_rpdl_SPI_EnableIdleIEN" in "D:\Renesas\PDG2\lib\RX62T\RX62T_library_LQFP_64.lib(utilities_SPI)"
** L1320 (W) Duplicate symbol "_rpdl_SPI_EnableTransferIEN" in "C:\Renesas\PDG2\lib\RX62T\RX62T_library_LQFP_64.lib(utilities_SPI)"
** L1320 (W) Duplicate symbol "_rpdl_SPI_EnableTransferIEN" in "D:\Renesas\PDG2\lib\RX62T\RX62T_library_LQFP_64.lib(utilities_SPI)"
** L1320 (W) Duplicate symbol "_rpdl_SPI_DisableIEN" in "C:\Renesas\PDG2\lib\RX62T\RX62T_library_LQFP_64.lib(utilities_SPI)"
** L1320 (W) Duplicate symbol "_rpdl_SPI_DisableIEN" in "D:\Renesas\PDG2\lib\RX62T\RX62T_library_LQFP_64.lib(utilities_SPI)"
** L1100 (W) Cannot find "SU" specified in option "start"
** L1100 (W) Cannot find "PIntPRG" specified in option "start"
** L1100 (W) Cannot find "L" specified in option "start"

*** Mapping List ***

SECTION                            START      END         SIZE   ALIGN

B_1
                                  00001000  00001095        96   1
R_1
                                  00001096  000010c7        32   1
B_2
                                  000010c8  00001229       162   2
R_2
                                  0000122a  000012fb        d2   2
B
                                  000012fc  00002fe7      1cec   4
R
                                  00002fe8  00003573       58c   4
SI
                                  00003574  00003e73       900   4
$ADDR_D_100000
                                  00100000  00100fff      1000   1
$ADDR_D_102000
                                  00102000  001020cb        cc   1
PResetPRG
                                  fffc8000  fffc8029        2a   1
C_1
                                  fffc8100  fffc8113        14   1
C_2
                                  fffc8114  fffc811b         8   2
C
                                  fffc811c  fffc8133        18   4
C$DSEC
                                  fffc8134  fffc8157        24   4
C$BSEC
                                  fffc8158  fffc816f        18   4
C$VECT
                                  fffc8170  fffc856f       400   4
D_1
                                  fffc8570  fffc85a1        32   1
D_2
                                  fffc85a2  fffc8673        d2   2
D
                                  fffc8674  fffc8bff       58c   4
P
                                  fffc8c00  fffd24d4      98d5   1
W_1
                                  fffd24d5  fffd24dc         8   1
W_2
                                  fffd24de  fffd2541        64   2
W
                                  fffd2544  fffd2544         0   4
FIXEDVECT
                                  ffffffd0  ffffffff        30   4
